Archive member included to satisfy reference by file (symbol)

c:/program files (x86)/atmel/studio/7.0/toolchain/avr8/avr8-gnu-toolchain/bin/../lib/gcc/avr/5.4.0/../../../../avr/lib/avr6\libm.a(addsf3.o)
                              MySrc/Initialize.o (__subsf3)
c:/program files (x86)/atmel/studio/7.0/toolchain/avr8/avr8-gnu-toolchain/bin/../lib/gcc/avr/5.4.0/../../../../avr/lib/avr6\libm.a(addsf3x.o)
                              c:/program files (x86)/atmel/studio/7.0/toolchain/avr8/avr8-gnu-toolchain/bin/../lib/gcc/avr/5.4.0/../../../../avr/lib/avr6\libm.a(addsf3.o) (__addsf3x)
c:/program files (x86)/atmel/studio/7.0/toolchain/avr8/avr8-gnu-toolchain/bin/../lib/gcc/avr/5.4.0/../../../../avr/lib/avr6\libm.a(cmpsf2.o)
                              MySrc/Running_Operation.o (__eqsf2)
c:/program files (x86)/atmel/studio/7.0/toolchain/avr8/avr8-gnu-toolchain/bin/../lib/gcc/avr/5.4.0/../../../../avr/lib/avr6\libm.a(divsf3.o)
                              MySrc/Initialize.o (__divsf3)
c:/program files (x86)/atmel/studio/7.0/toolchain/avr8/avr8-gnu-toolchain/bin/../lib/gcc/avr/5.4.0/../../../../avr/lib/avr6\libm.a(divsf3x.o)
                              c:/program files (x86)/atmel/studio/7.0/toolchain/avr8/avr8-gnu-toolchain/bin/../lib/gcc/avr/5.4.0/../../../../avr/lib/avr6\libm.a(divsf3.o) (__divsf3x)
c:/program files (x86)/atmel/studio/7.0/toolchain/avr8/avr8-gnu-toolchain/bin/../lib/gcc/avr/5.4.0/../../../../avr/lib/avr6\libm.a(fixunssfsi.o)
                              MySrc/Running_Operation.o (__fixunssfsi)
c:/program files (x86)/atmel/studio/7.0/toolchain/avr8/avr8-gnu-toolchain/bin/../lib/gcc/avr/5.4.0/../../../../avr/lib/avr6\libm.a(floatsisf.o)
                              MySrc/Running_Operation.o (__floatunsisf)
c:/program files (x86)/atmel/studio/7.0/toolchain/avr8/avr8-gnu-toolchain/bin/../lib/gcc/avr/5.4.0/../../../../avr/lib/avr6\libm.a(fp_cmp.o)
                              c:/program files (x86)/atmel/studio/7.0/toolchain/avr8/avr8-gnu-toolchain/bin/../lib/gcc/avr/5.4.0/../../../../avr/lib/avr6\libm.a(cmpsf2.o) (__fp_cmp)
c:/program files (x86)/atmel/studio/7.0/toolchain/avr8/avr8-gnu-toolchain/bin/../lib/gcc/avr/5.4.0/../../../../avr/lib/avr6\libm.a(fp_inf.o)
                              c:/program files (x86)/atmel/studio/7.0/toolchain/avr8/avr8-gnu-toolchain/bin/../lib/gcc/avr/5.4.0/../../../../avr/lib/avr6\libm.a(addsf3x.o) (__fp_inf)
c:/program files (x86)/atmel/studio/7.0/toolchain/avr8/avr8-gnu-toolchain/bin/../lib/gcc/avr/5.4.0/../../../../avr/lib/avr6\libm.a(fp_nan.o)
                              c:/program files (x86)/atmel/studio/7.0/toolchain/avr8/avr8-gnu-toolchain/bin/../lib/gcc/avr/5.4.0/../../../../avr/lib/avr6\libm.a(addsf3x.o) (__fp_nan)
c:/program files (x86)/atmel/studio/7.0/toolchain/avr8/avr8-gnu-toolchain/bin/../lib/gcc/avr/5.4.0/../../../../avr/lib/avr6\libm.a(fp_pscA.o)
                              c:/program files (x86)/atmel/studio/7.0/toolchain/avr8/avr8-gnu-toolchain/bin/../lib/gcc/avr/5.4.0/../../../../avr/lib/avr6\libm.a(addsf3x.o) (__fp_pscA)
c:/program files (x86)/atmel/studio/7.0/toolchain/avr8/avr8-gnu-toolchain/bin/../lib/gcc/avr/5.4.0/../../../../avr/lib/avr6\libm.a(fp_pscB.o)
                              c:/program files (x86)/atmel/studio/7.0/toolchain/avr8/avr8-gnu-toolchain/bin/../lib/gcc/avr/5.4.0/../../../../avr/lib/avr6\libm.a(addsf3x.o) (__fp_pscB)
c:/program files (x86)/atmel/studio/7.0/toolchain/avr8/avr8-gnu-toolchain/bin/../lib/gcc/avr/5.4.0/../../../../avr/lib/avr6\libm.a(fp_round.o)
                              c:/program files (x86)/atmel/studio/7.0/toolchain/avr8/avr8-gnu-toolchain/bin/../lib/gcc/avr/5.4.0/../../../../avr/lib/avr6\libm.a(addsf3.o) (__fp_round)
c:/program files (x86)/atmel/studio/7.0/toolchain/avr8/avr8-gnu-toolchain/bin/../lib/gcc/avr/5.4.0/../../../../avr/lib/avr6\libm.a(fp_split3.o)
                              c:/program files (x86)/atmel/studio/7.0/toolchain/avr8/avr8-gnu-toolchain/bin/../lib/gcc/avr/5.4.0/../../../../avr/lib/avr6\libm.a(addsf3x.o) (__fp_split3)
c:/program files (x86)/atmel/studio/7.0/toolchain/avr8/avr8-gnu-toolchain/bin/../lib/gcc/avr/5.4.0/../../../../avr/lib/avr6\libm.a(fp_zero.o)
                              c:/program files (x86)/atmel/studio/7.0/toolchain/avr8/avr8-gnu-toolchain/bin/../lib/gcc/avr/5.4.0/../../../../avr/lib/avr6\libm.a(addsf3x.o) (__fp_zero)
c:/program files (x86)/atmel/studio/7.0/toolchain/avr8/avr8-gnu-toolchain/bin/../lib/gcc/avr/5.4.0/../../../../avr/lib/avr6\libm.a(gesf2.o)
                              MySrc/Running_Operation.o (__gesf2)
c:/program files (x86)/atmel/studio/7.0/toolchain/avr8/avr8-gnu-toolchain/bin/../lib/gcc/avr/5.4.0/../../../../avr/lib/avr6\libm.a(mulsf3.o)
                              MySrc/Initialize.o (__mulsf3)
c:/program files (x86)/atmel/studio/7.0/toolchain/avr8/avr8-gnu-toolchain/bin/../lib/gcc/avr/5.4.0/../../../../avr/lib/avr6\libm.a(mulsf3x.o)
[...]
Memory Configuration

Name             Origin             Length             Attributes
text             0x00000000         0x00040000         xr
data             0x00800200         0x00002000         rw !x
eeprom           0x00810000         0x00001000         rw !x
fuse             0x00820000         0x00000003         rw !x
lock             0x00830000         0x00000400         rw !x
signature        0x00840000         0x00000400         rw !x
user_signatures  0x00850000         0x00000400         rw !x
*default*        0x00000000         0xffffffff

Linker script and memory map

Address of section .data set to 0x800200
LOAD C:/Program Files (x86)/Atmel/Studio/7.0/Packs/atmel/ATmega_DFP/1.6.364/gcc/dev/atmega2560/avr6/crtatmega2560.o
LOAD MySrc/Extra_Plot_Control.o
LOAD MySrc/Schedules.o
LOAD MySrc/Euro_Valve.o
LOAD MySrc/GSM_GPRS_Network.o
LOAD MySrc/Hardware_Config.o
LOAD MySrc/Initialize.o
LOAD MySrc/Lira_Sensor.o
LOAD MySrc/MQTT_Handler.o
LOAD MySrc/Mymain.o
LOAD MySrc/My_Lora.o
LOAD MySrc/Running_Operation.o
LOAD Sketch.o
START GROUP
LOAD c:/program files (x86)/atmel/studio/7.0/toolchain/avr8/avr8-gnu-toolchain/bin/../lib/gcc/avr/5.4.0/../../../../avr/lib/avr6\libm.a
LOAD C:\Users\TUSHAR~1\DOCUME~1\GitHub\SICCA_~2\WORK_I~1\SKU3\SKU3_P~1\SKU3_P~1\ARDUIN~1\Debug\libArduinoCore.a
END GROUP
LOAD c:/program files (x86)/atmel/studio/7.0/toolchain/avr8/avr8-gnu-toolchain/bin/../lib/gcc/avr/5.4.0/avr6\libgcc.a
LOAD c:/program files (x86)/atmel/studio/7.0/toolchain/avr8/avr8-gnu-toolchain/bin/../lib/gcc/avr/5.4.0/../../../../avr/lib/avr6\libm.a
START GROUP
LOAD c:/program files (x86)/atmel/studio/7.0/toolchain/avr8/avr8-gnu-toolchain/bin/../lib/gcc/avr/5.4.0/avr6\libgcc.a
LOAD c:/program files (x86)/atmel/studio/7.0/toolchain/avr8/avr8-gnu-toolchain/bin/../lib/gcc/avr/5.4.0/../../../../avr/lib/avr6\libm.a
LOAD c:/program files (x86)/atmel/studio/7.0/toolchain/avr8/avr8-gnu-toolchain/bin/../lib/gcc/avr/5.4.0/../../../../avr/lib/avr6\libc.a
LOAD C:/Program Files (x86)/Atmel/Studio/7.0/Packs/atmel/ATmega_DFP/1.6.364/gcc/dev/atmega2560/avr6\libatmega2560.a
END GROUP
                0x00000000                __TEXT_REGION_ORIGIN__ = DEFINED (__TEXT_REGION_ORIGIN__)?__TEXT_REGION_ORIGIN__:0x0
                [0x00800200]                __DATA_REGION_ORIGIN__ = DEFINED (__DATA_REGION_ORIGIN__)?__DATA_REGION_ORIGIN__:0x800200
                [0x00040000]                __TEXT_REGION_LENGTH__ = DEFINED (__TEXT_REGION_LENGTH__)?__TEXT_REGION_LENGTH__:0x100000
                [0x00002000]                __DATA_REGION_LENGTH__ = DEFINED (__DATA_REGION_LENGTH__)?__DATA_REGION_LENGTH__:0xfe00
                [0x00001000]                __EEPROM_REGION_LENGTH__ = DEFINED (__EEPROM_REGION_LENGTH__)?__EEPROM_REGION_LENGTH__:0x10000
                [0x00000003]                __FUSE_REGION_LENGTH__ = DEFINED (__FUSE_REGION_LENGTH__)?__FUSE_REGION_LENGTH__:0x400
                0x00000400                __LOCK_REGION_LENGTH__ = DEFINED (__LOCK_REGION_LENGTH__)?__LOCK_REGION_LENGTH__:0x400
                0x00000400                __SIGNATURE_REGION_LENGTH__ = DEFINED (__SIGNATURE_REGION_LENGTH__)?__SIGNATURE_REGION_LENGTH__:0x400
                0x00000400                __USER_SIGNATURE_REGION_LENGTH__ = DEFINED (__USER_SIGNATURE_REGION_LENGTH__)?__USER_SIGNATURE_REGION_LENGTH__:0x400

.hash
 *(.hash)

.dynsym
 *(.dynsym)

.dynstr
 *(.dynstr)

.gnu.version
 *(.gnu.version)

.gnu.version_d
 *(.gnu.version_d)

.gnu.version_r
 *(.gnu.version_r)

.rel.init
 *(.rel.init)

.rela.init
 *(.rela.init)

.rel.text
 *(.rel.text)
 *(.rel.text.*)
 *(.rel.gnu.linkonce.t*)

.rela.text
 *(.rela.text)
 *(.rela.text.*)
 *(.rela.gnu.linkonce.t*)

.rel.fini
 *(.rel.fini)

.rela.fini
 *(.rela.fini)

.rel.rodata
 *(.rel.rodata)
 *(.rel.rodata.*)
 *(.rel.gnu.linkonce.r*)

.rela.rodata
 *(.rela.rodata)
 *(.rela.rodata.*)
 *(.rela.gnu.linkonce.r*)

.rel.data
 *(.rel.data)
 *(.rel.data.*)
 *(.rel.gnu.linkonce.d*)

.rela.data
 *(.rela.data)
 *(.rela.data.*)
 *(.rela.gnu.linkonce.d*)

.rel.ctors
 *(.rel.ctors)

.rela.ctors
 *(.rela.ctors)

.rel.dtors
 *(.rel.dtors)

.rela.dtors
 *(.rela.dtors)

.rel.got
 *(.rel.got)

.rela.got
 *(.rela.got)

.rel.bss
 *(.rel.bss)

.rela.bss
 *(.rela.bss)

.rel.plt
 *(.rel.plt)

.rela.plt
 *(.rela.plt)

.text           0x00000000    0x1d970
 *(.vectors)
 .vectors       0x00000000       0xe4 C:/Program Files (x86)/Atmel/Studio/7.0/Packs/atmel/ATmega_DFP/1.6.364/gcc/dev/atmega2560/avr6/crtatmega2560.o
                0x00000000                __vector_default
                0x00000000                __vectors
 *(.vectors)
 *(.progmem.gcc*)
 .progmem.gcc_sw_table._Z24Return_Previous_Day_Datev
                0x000000e4       0x2e MySrc/Schedules.o
 .progmem.gcc_sw_table._Z35Return_Calculated_Previous_Day_Dateh
                0x00000112       0x30 MySrc/Schedules.o
 .progmem.gcc_sw_table._Z22Day_In_Bet_Schedullingh
                0x00000142       0x30 MySrc/Schedules.o
 .progmem.gcc_sw_table._Z22Day_In_Bet_Schedullinghhh
                0x00000172       0x30 MySrc/Schedules.o
 .progmem.gcc_sw_table._Z18Next_Day_Calculatehh
                0x000001a2       0x18 MySrc/Schedules.o
 .progmem.gcc_sw_table._Z16Lcd_Special_Charhhhh
                0x000001ba       0x14 MySrc/Hardware_Config.o
 .progmem.gcc_sw_table._ZN11ArduinoJson9Internals14JsonSerializerINS0_10JsonWriterINS0_10PrettyfierINS0_19StaticStringBuilderEEEEEE9serializeERKNS_11JsonVariantERS6_
                0x000001ce       0x10 MySrc/Running_Operation.o
 .progmem.gcc_sw_table._Z12Pub_Sub_DataPcPhjh
                0x000001de       0x10 MySrc/Running_Operation.o
 .progmem.gcc_sw_table.turnOffPWM
                0x000001ee       0x24 C:\Users\TUSHAR~1\DOCUME~1\GitHub\SICCA_~2\WORK_I~1\SKU3\SKU3_P~1\SKU3_P~1\ARDUIN~1\Debug\libArduinoCore.a(wiring_digital.o)
 .progmem.gcc_sw_table._ZN8SPIClass14usingInterruptEh
                0x00000212       0x10 C:\Users\TUSHAR~1\DOCUME~1\GitHub\SICCA_~2\WORK_I~1\SKU3\SKU3_P~1\SKU3_P~1\ARDUIN~1\Debug\libArduinoCore.a(SPI.o)
 .progmem.gcc_sw_table.attachInterrupt
                0x00000222        0xe C:\Users\TUSHAR~1\DOCUME~1\GitHub\SICCA_~2\WORK_I~1\SKU3\SKU3_P~1\SKU3_P~1\ARDUIN~1\Debug\libArduinoCore.a(WInterrupts.o)
 .progmem.gcc_fplib
                0x00000230       0x28 c:/program files (x86)/atmel/studio/7.0/toolchain/avr8/avr8-gnu-toolchain/bin/../lib/gcc/avr/5.4.0/../../../../avr/lib/avr6\libm.a(exp.o)
 .progmem.gcc_fplib
                0x00000258       0x5a c:/program files (x86)/atmel/studio/7.0/toolchain/avr8/avr8-gnu-toolchain/bin/../lib/gcc/avr/5.4.0/../../../../avr/lib/avr6\libm.a(log.o)
                0x000002b2                . = ALIGN (0x2)
                0x000002b2                __trampolines_start = .
 *(.trampolines)
 .trampolines   0x000002b2        0x0 linker stubs
 *(.trampolines*)
                0x000002b2                __trampolines_end = .
 *libprintf_flt.a:*(.progmem.data)
 *libc.a:*(.progmem.data)
 *(.progmem*)
 .progmem.data._ZZ17Flush_ControllingvE3__c_2
                0x000002b2       0x12 MySrc/Extra_Plot_Control.o
 .progmem.data._ZZ17Flush_ControllingvE3__c_1
                0x000002c4       0x12 MySrc/Extra_Plot_Control.o
 .progmem.data._ZZ17Flush_ControllingvE3__c_0
                0x000002d6       0x12 MySrc/Extra_Plot_Control.o
 .progmem.data._ZZ17Flush_ControllingvE3__c
                0x000002e8       0x12 MySrc/Extra_Plot_Control.o
 .progmem.data._ZZ40Valve_Grouping_Handler_For_wireless_PumphhE3__c_42
                0x000002fa       0x1f MySrc/Extra_Plot_Control.o
 .progmem.data._ZZ40Valve_Grouping_Handler_For_wireless_PumphhE3__c_41
                0x00000319       0x3b MySrc/Extra_Plot_Control.o
 .progmem.data._ZZ40Valve_Grouping_Handler_For_wireless_PumphhE3__c_40
                0x00000354       0x3b MySrc/Extra_Plot_Control.o
 .progmem.data._ZZ40Valve_Grouping_Handler_For_wireless_PumphhE3__c_39
                0x0000038f       0x13 MySrc/Extra_Plot_Control.o
 .progmem.data._ZZ40Valve_Grouping_Handler_For_wireless_PumphhE3__c_38
                0x000003a2       0x2b MySrc/Extra_Plot_Control.o
 .progmem.data._ZZ40Valve_Grouping_Handler_For_wireless_PumphhE3__c_37
                0x000003cd       0x1e MySrc/Extra_Plot_Control.o
 .progmem.data._ZZ40Valve_Grouping_Handler_For_wireless_PumphhE3__c_36
                0x000003eb       0x16 MySrc/Extra_Plot_Control.o
 .progmem.data._ZZ40Valve_Grouping_Handler_For_wireless_PumphhE3__c_35
                0x00000401       0x24 MySrc/Extra_Plot_Control.o
 .progmem.data._ZZ40Valve_Grouping_Handler_For_wireless_PumphhE3__c_34
                0x00000425       0x16 MySrc/Extra_Plot_Control.o
 .progmem.data._ZZ40Valve_Grouping_Handler_For_wireless_PumphhE3__c_33
                0x0000043b       0x14 MySrc/Extra_Plot_Control.o
 .progmem.data._ZZ40Valve_Grouping_Handler_For_wireless_PumphhE3__c_32
                0x0000044f       0x16 MySrc/Extra_Plot_Control.o
 .progmem.data._ZZ40Valve_Grouping_Handler_For_wireless_PumphhE3__c_31
                0x00000465        0x2 MySrc/Extra_Plot_Control.o
 .progmem.data._ZZ40Valve_Grouping_Handler_For_wireless_PumphhE3__c_30
                0x00000467        0xe MySrc/Extra_Plot_Control.o
 .progmem.data._ZZ40Valve_Grouping_Handler_For_wireless_PumphhE3__c_29
                0x00000475       0x1f MySrc/Extra_Plot_Control.o
 .progmem.data._ZZ40Valve_Grouping_Handler_For_wireless_PumphhE3__c_28
                0x00000494       0x3b MySrc/Extra_Plot_Control.o
 .progmem.data._ZZ40Valve_Grouping_Handler_For_wireless_PumphhE3__c_27
                0x000004cf       0x3b MySrc/Extra_Plot_Control.o
 .progmem.data._ZZ40Valve_Grouping_Handler_For_wireless_PumphhE3__c_26
                0x0000050a       0x1d MySrc/Extra_Plot_Control.o
 .progmem.data._ZZ40Valve_Grouping_Handler_For_wireless_PumphhE3__c_25
                0x00000527       0x13 MySrc/Extra_Plot_Control.o
 .progmem.data._ZZ40Valve_Grouping_Handler_For_wireless_PumphhE3__c_24
                0x0000053a       0x1d MySrc/Extra_Plot_Control.o
 .progmem.data._ZZ40Valve_Grouping_Handler_For_wireless_PumphhE3__c_23
                0x00000557       0x2b MySrc/Extra_Plot_Control.o
 .progmem.data._ZZ40Valve_Grouping_Handler_For_wireless_PumphhE3__c_22
                0x00000582       0x1e MySrc/Extra_Plot_Control.o
 .progmem.data._ZZ40Valve_Grouping_Handler_For_wireless_PumphhE3__c_21
                0x000005a0       0x16 MySrc/Extra_Plot_Control.o
 .progmem.data._ZZ40Valve_Grouping_Handler_For_wireless_PumphhE3__c_20
                0x000005b6       0x24 MySrc/Extra_Plot_Control.o
 .progmem.data._ZZ40Valve_Grouping_Handler_For_wireless_PumphhE3__c_19
                0x000005da       0x16 MySrc/Extra_Plot_Control.o
 .progmem.data._ZZ40Valve_Grouping_Handler_For_wireless_PumphhE3__c_18
                0x000005f0       0x14 MySrc/Extra_Plot_Control.o
 .progmem.data._ZZ40Valve_Grouping_Handler_For_wireless_PumphhE3__c_17
                0x00000604       0x1b MySrc/Extra_Plot_Control.o
 .progmem.data._ZZ40Valve_Grouping_Handler_For_wireless_PumphhE3__c_16
                0x0000061f        0x2 MySrc/Extra_Plot_Control.o
 .progmem.data._ZZ40Valve_Grouping_Handler_For_wireless_PumphhE3__c_15
                0x00000621        0xe MySrc/Extra_Plot_Control.o
 .progmem.data._ZZ40Valve_Grouping_Handler_For_wireless_PumphhE3__c_14
                0x0000062f       0x2e MySrc/Extra_Plot_Control.o
 .progmem.data._ZZ40Valve_Grouping_Handler_For_wireless_PumphhE3__c_13
                0x0000065d       0x22 MySrc/Extra_Plot_Control.o
 .progmem.data._ZZ40Valve_Grouping_Handler_For_wireless_PumphhE3__c_12
                0x0000067f       0x26 MySrc/Extra_Plot_Control.o
 .progmem.data._ZZ40Valve_Grouping_Handler_For_wireless_PumphhE3__c_11
                0x000006a5       0x15 MySrc/Extra_Plot_Control.o
 .progmem.data._ZZ40Valve_Grouping_Handler_For_wireless_PumphhE3__c_10
                0x000006ba       0x24 MySrc/Extra_Plot_Control.o
 .progmem.data._ZZ40Valve_Grouping_Handler_For_wireless_PumphhE3__c_9
                0x000006de       0x2b MySrc/Extra_Plot_Control.o
 .progmem.data._ZZ40Valve_Grouping_Handler_For_wireless_PumphhE3__c_8
                0x00000709       0x27 MySrc/Extra_Plot_Control.o
 .progmem.data._ZZ40Valve_Grouping_Handler_For_wireless_PumphhE3__c_7
                0x00000730       0x21 MySrc/Extra_Plot_Control.o
 .progmem.data._ZZ40Valve_Grouping_Handler_For_wireless_PumphhE3__c_6
                0x00000751       0x25 MySrc/Extra_Plot_Control.o
 .progmem.data._ZZ40Valve_Grouping_Handler_For_wireless_PumphhE3__c_5
                0x00000776       0x15 MySrc/Extra_Plot_Control.o
 .progmem.data._ZZ40Valve_Grouping_Handler_For_wireless_PumphhE3__c_4
                0x0000078b       0x23 MySrc/Extra_Plot_Control.o
 .progmem.data._ZZ40Valve_Grouping_Handler_For_wireless_PumphhE3__c_3
                0x000007ae       0x2b MySrc/Extra_Plot_Control.o
 .progmem.data._ZZ40Valve_Grouping_Handler_For_wireless_PumphhE3__c_2
                0x000007d9       0x12 MySrc/Extra_Plot_Control.o
 .progmem.data._ZZ40Valve_Grouping_Handler_For_wireless_PumphhE3__c_1
                0x000007eb       0x11 MySrc/Extra_Plot_Control.o
 .progmem.data._ZZ40Valve_Grouping_Handler_For_wireless_PumphhE3__c_0
                0x000007fc       0x12 MySrc/Extra_Plot_Control.o
 .progmem.data._ZZ40Valve_Grouping_Handler_For_wireless_PumphhE3__c
                0x0000080e       0x11 MySrc/Extra_Plot_Control.o
 .progmem.data._ZZ35Wireless_Motor_Enable_Disable_CheckvE3__c_5
                0x0000081f       0x11 MySrc/Extra_Plot_Control.o
 .progmem.data._ZZ35Wireless_Motor_Enable_Disable_CheckvE3__c_4
                0x00000830       0x11 MySrc/Extra_Plot_Control.o
 .progmem.data._ZZ35Wireless_Motor_Enable_Disable_CheckvE3__c_3
                0x00000841       0x11 MySrc/Extra_Plot_Control.o
 .progmem.data._ZZ35Wireless_Motor_Enable_Disable_CheckvE3__c_2
                0x00000852       0x2b MySrc/Extra_Plot_Control.o
 .progmem.data._ZZ35Wireless_Motor_Enable_Disable_CheckvE3__c_1
                0x0000087d       0x2c MySrc/Extra_Plot_Control.o
 .progmem.data._ZZ35Wireless_Motor_Enable_Disable_CheckvE3__c_0
                0x000008a9       0x1a MySrc/Extra_Plot_Control.o
 .progmem.data._ZZ35Wireless_Motor_Enable_Disable_CheckvE3__c
                0x000008c3       0x27 MySrc/Extra_Plot_Control.o
 .progmem.data._ZZ16Set_Trigger_TimevE3__c
                0x000008ea       0x11 MySrc/Schedules.o
 .progmem.data._ZZ30Compare_Trigger_And_Reset_TimevE3__c_12
                0x000008fb       0x15 MySrc/Schedules.o
 .progmem.data._ZZ30Compare_Trigger_And_Reset_TimevE3__c_11
                0x00000910       0x14 MySrc/Schedules.o
 .progmem.data._ZZ30Compare_Trigger_And_Reset_TimevE3__c_10
                0x00000924       0x10 MySrc/Schedules.o
 .progmem.data._ZZ30Compare_Trigger_And_Reset_TimevE3__c_9
                0x00000934       0x10 MySrc/Schedules.o
 .progmem.data._ZZ30Compare_Trigger_And_Reset_TimevE3__c_8
                0x00000944       0x10 MySrc/Schedules.o
 .progmem.data._ZZ30Compare_Trigger_And_Reset_TimevE3__c_7
                0x00000954        0xe MySrc/Schedules.o
 .progmem.data._ZZ30Compare_Trigger_And_Reset_TimevE3__c_6
                0x00000962        0xe MySrc/Schedules.o
 .progmem.data._ZZ30Compare_Trigger_And_Reset_TimevE3__c_5
                0x00000970        0xe MySrc/Schedules.o
 .progmem.data._ZZ30Compare_Trigger_And_Reset_TimevE3__c_4
                0x0000097e        0xe MySrc/Schedules.o
 .progmem.data._ZZ30Compare_Trigger_And_Reset_TimevE3__c_3
                0x0000098c       0x14 MySrc/Schedules.o
 .progmem.data._ZZ30Compare_Trigger_And_Reset_TimevE3__c_2
                0x000009a0       0x14 MySrc/Schedules.o
 .progmem.data._ZZ30Compare_Trigger_And_Reset_TimevE3__c_1
                0x000009b4       0x10 MySrc/Schedules.o
 .progmem.data._ZZ30Compare_Trigger_And_Reset_TimevE3__c_0
                0x000009c4        0xc MySrc/Schedules.o
 .progmem.data._ZZ30Compare_Trigger_And_Reset_TimevE3__c
                0x000009d0        0xc MySrc/Schedules.o
 .progmem.data._ZZ34Check_Time_For_Schedule_To_TriggerhhE3__c_9
                0x000009dc       0x46 MySrc/Schedules.o
 .progmem.data._ZZ34Check_Time_For_Schedule_To_TriggerhhE3__c_8
                0x00000a22       0x4f MySrc/Schedules.o
 .progmem.data._ZZ34Check_Time_For_Schedule_To_TriggerhhE3__c_7
                0x00000a71       0x44 MySrc/Schedules.o
 .progmem.data._ZZ34Check_Time_For_Schedule_To_TriggerhhE3__c_6
                0x00000ab5       0x4f MySrc/Schedules.o
 .progmem.data._ZZ34Check_Time_For_Schedule_To_TriggerhhE3__c_5
                0x00000b04       0x4d MySrc/Schedules.o
 .progmem.data._ZZ34Check_Time_For_Schedule_To_TriggerhhE3__c_4
                0x00000b51       0x10 MySrc/Schedules.o
 .progmem.data._ZZ34Check_Time_For_Schedule_To_TriggerhhE3__c_3
                0x00000b61       0x12 MySrc/Schedules.o
 .progmem.data._ZZ34Check_Time_For_Schedule_To_TriggerhhE3__c_2
                0x00000b73       0x12 MySrc/Schedules.o
 .progmem.data._ZZ34Check_Time_For_Schedule_To_TriggerhhE3__c_1
                0x00000b85       0x14 MySrc/Schedules.o
 .progmem.data._ZZ34Check_Time_For_Schedule_To_TriggerhhE3__c_0
                0x00000b99       0x44 MySrc/Schedules.o
 .progmem.data._ZZ34Check_Time_For_Schedule_To_TriggerhhE3__c
                0x00000bdd       0x4d MySrc/Schedules.o
 .progmem.data._ZZ18Next_Day_CalculatehhE3__c_1
                0x00000c2a       0x23 MySrc/Schedules.o
 .progmem.data._ZZ18Next_Day_CalculatehhE3__c_0
                0x00000c4d       0x11 MySrc/Schedules.o
 .progmem.data._ZZ18Next_Day_CalculatehhE3__c
                0x00000c5e       0x11 MySrc/Schedules.o
 .progmem.data._ZZ22Do_Not_Repeat_SchedulevE3__c_1
                0x00000c6f       0x38 MySrc/Schedules.o
 .progmem.data._ZZ22Do_Not_Repeat_SchedulevE3__c_0
                0x00000ca7       0x3a MySrc/Schedules.o
 .progmem.data._ZZ22Do_Not_Repeat_SchedulevE3__c
                0x00000ce1       0x38 MySrc/Schedules.o
 .progmem.data._ZZ18Edited_In_SchedulevE3__c_21
                0x00000d19       0x45 MySrc/Schedules.o
 .progmem.data._ZZ18Edited_In_SchedulevE3__c_20
                0x00000d5e        0x6 MySrc/Schedules.o
 .progmem.data._ZZ18Edited_In_SchedulevE3__c_19
                0x00000d64       0x32 MySrc/Schedules.o
 .progmem.data._ZZ18Edited_In_SchedulevE3__c_18
                0x00000d96        0x5 MySrc/Schedules.o
 .progmem.data._ZZ18Edited_In_SchedulevE3__c_17
                0x00000d9b        0x5 MySrc/Schedules.o
 .progmem.data._ZZ18Edited_In_SchedulevE3__c_16
                0x00000da0        0x5 MySrc/Schedules.o
 .progmem.data._ZZ18Edited_In_SchedulevE3__c_15
                0x00000da5       0x32 MySrc/Schedules.o
 .progmem.data._ZZ18Edited_In_SchedulevE3__c_14
                0x00000dd7        0x7 MySrc/Schedules.o
 .progmem.data._ZZ18Edited_In_SchedulevE3__c_13
                0x00000dde        0x7 MySrc/Schedules.o
 .progmem.data._ZZ18Edited_In_SchedulevE3__c_12
                0x00000de5        0x5 MySrc/Schedules.o
 .progmem.data._ZZ18Edited_In_SchedulevE3__c_11
                0x00000dea        0x5 MySrc/Schedules.o
 .progmem.data._ZZ18Edited_In_SchedulevE3__c_10
                0x00000def       0x32 MySrc/Schedules.o
 .progmem.data._ZZ18Edited_In_SchedulevE3__c_9
                0x00000e21        0x5 MySrc/Schedules.o
 .progmem.data._ZZ18Edited_In_SchedulevE3__c_8
                0x00000e26        0x5 MySrc/Schedules.o
 .progmem.data._ZZ18Edited_In_SchedulevE3__c_7
                0x00000e2b       0x13 MySrc/Schedules.o
 .progmem.data._ZZ18Edited_In_SchedulevE3__c_6
                0x00000e3e       0x13 MySrc/Schedules.o
 .progmem.data._ZZ18Edited_In_SchedulevE3__c_5
                0x00000e51        0x5 MySrc/Schedules.o
 .progmem.data._ZZ18Edited_In_SchedulevE3__c_4
                0x00000e56        0x5 MySrc/Schedules.o
 .progmem.data._ZZ18Edited_In_SchedulevE3__c_3
                0x00000e5b        0x5 MySrc/Schedules.o
 .progmem.data._ZZ18Edited_In_SchedulevE3__c_2
                0x00000e60       0x45 MySrc/Schedules.o
 .progmem.data._ZZ18Edited_In_SchedulevE3__c_1
                0x00000ea5       0x14 MySrc/Schedules.o
 .progmem.data._ZZ18Edited_In_SchedulevE3__c_0
                0x00000eb9       0x13 MySrc/Schedules.o
 .progmem.data._ZZ18Edited_In_SchedulevE3__c
                0x00000ecc        0x6 MySrc/Schedules.o
 .progmem.data._ZZ17Blower_MonitoringhE3__c_0
                0x00000ed2       0x13 MySrc/Schedules.o
 .progmem.data._ZZ17Blower_MonitoringhE3__c
                0x00000ee5       0x13 MySrc/Schedules.o
 .progmem.data._ZZ28Turn_Off_All_Tank_For_SafetyvE3__c_0
                0x00000ef8       0x1f MySrc/Schedules.o
 .progmem.data._ZZ28Turn_Off_All_Tank_For_SafetyvE3__c
                0x00000f17       0x11 MySrc/Schedules.o
 .progmem.data._ZZ17Doser_Pump_On_OffhE3__c_10
                0x00000f28       0x1f MySrc/Schedules.o
 .progmem.data._ZZ17Doser_Pump_On_OffhE3__c_9
                0x00000f47       0x3b MySrc/Schedules.o
 .progmem.data._ZZ17Doser_Pump_On_OffhE3__c_8
                0x00000f82       0x3b MySrc/Schedules.o
 .progmem.data._ZZ17Doser_Pump_On_OffhE3__c_7
                0x00000fbd       0x13 MySrc/Schedules.o
 .progmem.data._ZZ17Doser_Pump_On_OffhE3__c_6
                0x00000fd0       0x2b MySrc/Schedules.o
 .progmem.data._ZZ17Doser_Pump_On_OffhE3__c_5
                0x00000ffb       0x1e MySrc/Schedules.o
 .progmem.data._ZZ17Doser_Pump_On_OffhE3__c_4
                0x00001019       0x16 MySrc/Schedules.o
 .progmem.data._ZZ17Doser_Pump_On_OffhE3__c_3
                0x0000102f       0x24 MySrc/Schedules.o
 .progmem.data._ZZ17Doser_Pump_On_OffhE3__c_2
                0x00001053       0x16 MySrc/Schedules.o
 .progmem.data._ZZ17Doser_Pump_On_OffhE3__c_1
                0x00001069       0x14 MySrc/Schedules.o
 .progmem.data._ZZ17Doser_Pump_On_OffhE3__c_0
                0x0000107d        0x2 MySrc/Schedules.o
 .progmem.data._ZZ17Doser_Pump_On_OffhE3__c
                0x0000107f       0x19 MySrc/Schedules.o
 .progmem.data._ZZ22Fertilizer_Tank_On_OffhhE3__c_15
                0x00001098       0x1c MySrc/Schedules.o
 .progmem.data._ZZ22Fertilizer_Tank_On_OffhhE3__c_14
                0x000010b4       0x1f MySrc/Schedules.o
 .progmem.data._ZZ22Fertilizer_Tank_On_OffhhE3__c_13
                0x000010d3       0x1f MySrc/Schedules.o
 .progmem.data._ZZ22Fertilizer_Tank_On_OffhhE3__c_12
                0x000010f2       0x1f MySrc/Schedules.o
 .progmem.data._ZZ22Fertilizer_Tank_On_OffhhE3__c_11
                0x00001111       0x3b MySrc/Schedules.o
 .progmem.data._ZZ22Fertilizer_Tank_On_OffhhE3__c_10
                0x0000114c       0x3b MySrc/Schedules.o
 .progmem.data._ZZ22Fertilizer_Tank_On_OffhhE3__c_9
                0x00001187       0x13 MySrc/Schedules.o
 .progmem.data._ZZ22Fertilizer_Tank_On_OffhhE3__c_8
                0x0000119a       0x2b MySrc/Schedules.o
 .progmem.data._ZZ22Fertilizer_Tank_On_OffhhE3__c_7
                0x000011c5       0x1e MySrc/Schedules.o
 .progmem.data._ZZ22Fertilizer_Tank_On_OffhhE3__c_6
                0x000011e3       0x16 MySrc/Schedules.o
 .progmem.data._ZZ22Fertilizer_Tank_On_OffhhE3__c_5
                0x000011f9       0x24 MySrc/Schedules.o
 .progmem.data._ZZ22Fertilizer_Tank_On_OffhhE3__c_4
                0x0000121d       0x16 MySrc/Schedules.o
 .progmem.data._ZZ22Fertilizer_Tank_On_OffhhE3__c_3
                0x00001233       0x14 MySrc/Schedules.o
 .progmem.data._ZZ22Fertilizer_Tank_On_OffhhE3__c_2
                0x00001247        0x2 MySrc/Schedules.o
 .progmem.data._ZZ22Fertilizer_Tank_On_OffhhE3__c_1
                0x00001249       0x1e MySrc/Schedules.o
 .progmem.data._ZZ22Fertilizer_Tank_On_OffhhE3__c_0
                0x00001267       0x1a MySrc/Schedules.o
 .progmem.data._ZZ22Fertilizer_Tank_On_OffhhE3__c
                0x00001281       0x2b MySrc/Schedules.o
 .progmem.data._ZZ26Fertilizer_Tank_MonitoringvE3__c_0
                0x000012ac       0x20 MySrc/Schedules.o
 .progmem.data._ZZ26Fertilizer_Tank_MonitoringvE3__c
                0x000012cc       0x1e MySrc/Schedules.o
 .progmem.data._ZZ20Schedules_MonitoringvE3__c_37
                0x000012ea        0xe MySrc/Schedules.o
 .progmem.data._ZZ20Schedules_MonitoringvE3__c_36
                0x000012f8       0x19 MySrc/Schedules.o
 .progmem.data._ZZ20Schedules_MonitoringvE3__c_35
                0x00001311        0xc MySrc/Schedules.o
 .progmem.data._ZZ20Schedules_MonitoringvE3__c_34
                0x0000131d        0xc MySrc/Schedules.o
 .progmem.data._ZZ20Schedules_MonitoringvE3__c_33
                0x00001329        0xc MySrc/Schedules.o
 .progmem.data._ZZ20Schedules_MonitoringvE3__c_32
                0x00001335        0xc MySrc/Schedules.o
 .progmem.data._ZZ20Schedules_MonitoringvE3__c_31
                0x00001341        0xc MySrc/Schedules.o
 .progmem.data._ZZ20Schedules_MonitoringvE3__c_30
                0x0000134d        0xc MySrc/Schedules.o
 .progmem.data._ZZ20Schedules_MonitoringvE3__c_29
                0x00001359        0xc MySrc/Schedules.o
 .progmem.data._ZZ20Schedules_MonitoringvE3__c_28
                0x00001365        0xc MySrc/Schedules.o
 .progmem.data._ZZ20Schedules_MonitoringvE3__c_27
                0x00001371        0xc MySrc/Schedules.o
 .progmem.data._ZZ20Schedules_MonitoringvE3__c_26
                0x0000137d        0xc MySrc/Schedules.o
 .progmem.data._ZZ20Schedules_MonitoringvE3__c_25
                0x00001389        0xc MySrc/Schedules.o
 .progmem.data._ZZ20Schedules_MonitoringvE3__c_24
                0x00001395        0xc MySrc/Schedules.o
 .progmem.data._ZZ20Schedules_MonitoringvE3__c_23
                0x000013a1        0xc MySrc/Schedules.o
 .progmem.data._ZZ20Schedules_MonitoringvE3__c_22
                0x000013ad        0xc MySrc/Schedules.o
 .progmem.data._ZZ20Schedules_MonitoringvE3__c_21
                0x000013b9        0xc MySrc/Schedules.o
 .progmem.data._ZZ20Schedules_MonitoringvE3__c_20
                0x000013c5        0xc MySrc/Schedules.o
 .progmem.data._ZZ20Schedules_MonitoringvE3__c_19
                0x000013d1        0xc MySrc/Schedules.o
 .progmem.data._ZZ20Schedules_MonitoringvE3__c_18
                0x000013dd        0xd MySrc/Schedules.o
 .progmem.data._ZZ20Schedules_MonitoringvE3__c_17
                0x000013ea       0x27 MySrc/Schedules.o
 .progmem.data._ZZ20Schedules_MonitoringvE3__c_16
                0x00001411       0x27 MySrc/Schedules.o
 .progmem.data._ZZ20Schedules_MonitoringvE3__c_15
                0x00001438       0x10 MySrc/Schedules.o
 .progmem.data._ZZ20Schedules_MonitoringvE3__c_14
                0x00001448        0xe MySrc/Schedules.o
 .progmem.data._ZZ20Schedules_MonitoringvE3__c_13
                0x00001456        0xe MySrc/Schedules.o
 .progmem.data._ZZ20Schedules_MonitoringvE3__c_12
                0x00001464       0x32 MySrc/Schedules.o
 .progmem.data._ZZ20Schedules_MonitoringvE3__c_11
                0x00001496        0xc MySrc/Schedules.o
 .progmem.data._ZZ20Schedules_MonitoringvE3__c_10
                0x000014a2        0xc MySrc/Schedules.o
 .progmem.data._ZZ20Schedules_MonitoringvE3__c_9
                0x000014ae        0xb MySrc/Schedules.o
 .progmem.data._ZZ20Schedules_MonitoringvE3__c_8
                0x000014b9       0x26 MySrc/Schedules.o
 .progmem.data._ZZ20Schedules_MonitoringvE3__c_7
                0x000014df       0x29 MySrc/Schedules.o
 .progmem.data._ZZ20Schedules_MonitoringvE3__c_6
                0x00001508       0x1e MySrc/Schedules.o
 .progmem.data._ZZ20Schedules_MonitoringvE3__c_5
                0x00001526       0x1e MySrc/Schedules.o
 .progmem.data._ZZ20Schedules_MonitoringvE3__c_4
                0x00001544       0x1d MySrc/Schedules.o
 .progmem.data._ZZ20Schedules_MonitoringvE3__c_3
                0x00001561       0x32 MySrc/Schedules.o
 .progmem.data._ZZ20Schedules_MonitoringvE3__c_2
                0x00001593        0xc MySrc/Schedules.o
 .progmem.data._ZZ20Schedules_MonitoringvE3__c_1
                0x0000159f       0x36 MySrc/Schedules.o
 .progmem.data._ZZ20Schedules_MonitoringvE3__c_0
                0x000015d5       0x34 MySrc/Schedules.o
 .progmem.data._ZZ20Schedules_MonitoringvE3__c
                0x00001609       0x33 MySrc/Schedules.o
 .progmem.data._ZZ22Day_In_Bet_SchedullinghhhE3__c_65
                0x0000163c       0x10 MySrc/Schedules.o
 .progmem.data._ZZ22Day_In_Bet_SchedullinghhhE3__c_64
                0x0000164c       0x10 MySrc/Schedules.o
 .progmem.data._ZZ22Day_In_Bet_SchedullinghhhE3__c_63
                0x0000165c        0xf MySrc/Schedules.o
 .progmem.data._ZZ22Day_In_Bet_SchedullinghhhE3__c_62
                0x0000166b        0xf MySrc/Schedules.o
 .progmem.data._ZZ22Day_In_Bet_SchedullinghhhE3__c_61
                0x0000167a        0xf MySrc/Schedules.o
 .progmem.data._ZZ22Day_In_Bet_SchedullinghhhE3__c_60
                0x00001689        0xd MySrc/Schedules.o
 .progmem.data._ZZ22Day_In_Bet_SchedullinghhhE3__c_59
                0x00001696        0xf MySrc/Schedules.o
 .progmem.data._ZZ22Day_In_Bet_SchedullinghhhE3__c_58
                0x000016a5        0xd MySrc/Schedules.o
 .progmem.data._ZZ22Day_In_Bet_SchedullinghhhE3__c_57
                0x000016b2        0xf MySrc/Schedules.o
 .progmem.data._ZZ22Day_In_Bet_SchedullinghhhE3__c_56
                0x000016c1        0xf MySrc/Schedules.o
 .progmem.data._ZZ22Day_In_Bet_SchedullinghhhE3__c_55
                0x000016d0        0xf MySrc/Schedules.o
 .progmem.data._ZZ22Day_In_Bet_SchedullinghhhE3__c_54
                0x000016df        0xf MySrc/Schedules.o
 .progmem.data._ZZ22Day_In_Bet_SchedullinghhhE3__c_53
                0x000016ee        0xf MySrc/Schedules.o
 .progmem.data._ZZ22Day_In_Bet_SchedullinghhhE3__c_52
                0x000016fd        0xf MySrc/Schedules.o
 .progmem.data._ZZ22Day_In_Bet_SchedullinghhhE3__c_51
                0x0000170c        0xf MySrc/Schedules.o
 .progmem.data._ZZ22Day_In_Bet_SchedullinghhhE3__c_50
                0x0000171b        0xf MySrc/Schedules.o
 .progmem.data._ZZ22Day_In_Bet_SchedullinghhhE3__c_49
                0x0000172a        0xf MySrc/Schedules.o
 .progmem.data._ZZ22Day_In_Bet_SchedullinghhhE3__c_48
                0x00001739        0xf MySrc/Schedules.o
 .progmem.data._ZZ22Day_In_Bet_SchedullinghhhE3__c_47
                0x00001748        0xf MySrc/Schedules.o
 .progmem.data._ZZ22Day_In_Bet_SchedullinghhhE3__c_46
                0x00001757        0xf MySrc/Schedules.o
 .progmem.data._ZZ22Day_In_Bet_SchedullinghhhE3__c_45
                0x00001766        0xf MySrc/Schedules.o
 .progmem.data._ZZ22Day_In_Bet_SchedullinghhhE3__c_44
                0x00001775        0xf MySrc/Schedules.o
 .progmem.data._ZZ22Day_In_Bet_SchedullinghhhE3__c_43
                0x00001784        0xf MySrc/Schedules.o
 .progmem.data._ZZ22Day_In_Bet_SchedullinghhhE3__c_42
                0x00001793        0xf MySrc/Schedules.o
 .progmem.data._ZZ22Day_In_Bet_SchedullinghhhE3__c_41
                0x000017a2        0xf MySrc/Schedules.o
 .progmem.data._ZZ22Day_In_Bet_SchedullinghhhE3__c_40
                0x000017b1        0xf MySrc/Schedules.o
 .progmem.data._ZZ22Day_In_Bet_SchedullinghhhE3__c_39
                0x000017c0        0xf MySrc/Schedules.o
 .progmem.data._ZZ22Day_In_Bet_SchedullinghhhE3__c_38
                0x000017cf        0xf MySrc/Schedules.o
 .progmem.data._ZZ22Day_In_Bet_SchedullinghhhE3__c_37
                0x000017de        0xf MySrc/Schedules.o
 .progmem.data._ZZ22Day_In_Bet_SchedullinghhhE3__c_36
                0x000017ed       0x16 MySrc/Schedules.o
 .progmem.data._ZZ22Day_In_Bet_SchedullinghhhE3__c_35
                0x00001803        0xe MySrc/Schedules.o
 .progmem.data._ZZ22Day_In_Bet_SchedullinghhhE3__c_34
                0x00001811        0xe MySrc/Schedules.o
 .progmem.data._ZZ22Day_In_Bet_SchedullinghhhE3__c_33
                0x0000181f        0xd MySrc/Schedules.o
 .progmem.data._ZZ22Day_In_Bet_SchedullinghhhE3__c_32
                0x0000182c        0xd MySrc/Schedules.o
 .progmem.data._ZZ22Day_In_Bet_SchedullinghhhE3__c_31
                0x00001839        0xd MySrc/Schedules.o
 .progmem.data._ZZ22Day_In_Bet_SchedullinghhhE3__c_30
                0x00001846        0xd MySrc/Schedules.o
 .progmem.data._ZZ22Day_In_Bet_SchedullinghhhE3__c_29
                0x00001853        0xd MySrc/Schedules.o
 .progmem.data._ZZ22Day_In_Bet_SchedullinghhhE3__c_28
                0x00001860        0xd MySrc/Schedules.o
 .progmem.data._ZZ22Day_In_Bet_SchedullinghhhE3__c_27
                0x0000186d        0xd MySrc/Schedules.o
 .progmem.data._ZZ22Day_In_Bet_SchedullinghhhE3__c_26
                0x0000187a        0xd MySrc/Schedules.o
 .progmem.data._ZZ22Day_In_Bet_SchedullinghhhE3__c_25
                0x00001887        0xd MySrc/Schedules.o
 .progmem.data._ZZ22Day_In_Bet_SchedullinghhhE3__c_24
                0x00001894        0xd MySrc/Schedules.o
 .progmem.data._ZZ22Day_In_Bet_SchedullinghhhE3__c_23
                0x000018a1        0xd MySrc/Schedules.o
 .progmem.data._ZZ22Day_In_Bet_SchedullinghhhE3__c_22
                0x000018ae        0xd MySrc/Schedules.o
 .progmem.data._ZZ22Day_In_Bet_SchedullinghhhE3__c_21
                0x000018bb        0xd MySrc/Schedules.o
 .progmem.data._ZZ22Day_In_Bet_SchedullinghhhE3__c_20
                0x000018c8        0xd MySrc/Schedules.o
 .progmem.data._ZZ22Day_In_Bet_SchedullinghhhE3__c_19
                0x000018d5        0xd MySrc/Schedules.o
 .progmem.data._ZZ22Day_In_Bet_SchedullinghhhE3__c_18
                0x000018e2        0xd MySrc/Schedules.o
 .progmem.data._ZZ22Day_In_Bet_SchedullinghhhE3__c_17
                0x000018ef        0xd MySrc/Schedules.o
 .progmem.data._ZZ22Day_In_Bet_SchedullinghhhE3__c_16
                0x000018fc        0xd MySrc/Schedules.o
 .progmem.data._ZZ22Day_In_Bet_SchedullinghhhE3__c_15
                0x00001909        0xd MySrc/Schedules.o
 .progmem.data._ZZ22Day_In_Bet_SchedullinghhhE3__c_14
                0x00001916        0xd MySrc/Schedules.o
 .progmem.data._ZZ22Day_In_Bet_SchedullinghhhE3__c_13
                0x00001923        0xd MySrc/Schedules.o
 .progmem.data._ZZ22Day_In_Bet_SchedullinghhhE3__c_12
                0x00001930        0xd MySrc/Schedules.o
 .progmem.data._ZZ22Day_In_Bet_SchedullinghhhE3__c_11
                0x0000193d        0xd MySrc/Schedules.o
 .progmem.data._ZZ22Day_In_Bet_SchedullinghhhE3__c_10
                0x0000194a        0xd MySrc/Schedules.o
 .progmem.data._ZZ22Day_In_Bet_SchedullinghhhE3__c_9
                0x00001957        0xd MySrc/Schedules.o
 .progmem.data._ZZ22Day_In_Bet_SchedullinghhhE3__c_8
                0x00001964        0xd MySrc/Schedules.o
 .progmem.data._ZZ22Day_In_Bet_SchedullinghhhE3__c_7
                0x00001971        0xd MySrc/Schedules.o
 .progmem.data._ZZ22Day_In_Bet_SchedullinghhhE3__c_6
                0x0000197e       0x15 MySrc/Schedules.o
 .progmem.data._ZZ22Day_In_Bet_SchedullinghhhE3__c_5
                0x00001993       0x13 MySrc/Schedules.o
 .progmem.data._ZZ22Day_In_Bet_SchedullinghhhE3__c_4
                0x000019a6        0xe MySrc/Schedules.o
 .progmem.data._ZZ22Day_In_Bet_SchedullinghhhE3__c_3
                0x000019b4        0xc MySrc/Schedules.o
 .progmem.data._ZZ22Day_In_Bet_SchedullinghhhE3__c_2
                0x000019c0        0x8 MySrc/Schedules.o
 .progmem.data._ZZ22Day_In_Bet_SchedullinghhhE3__c_1
                0x000019c8        0x9 MySrc/Schedules.o
 .progmem.data._ZZ22Day_In_Bet_SchedullinghhhE3__c_0
                0x000019d1        0x8 MySrc/Schedules.o
 .progmem.data._ZZ22Day_In_Bet_SchedullinghhhE3__c
                0x000019d9       0x13 MySrc/Schedules.o
 .progmem.data._ZZ22Day_In_Bet_SchedullinghE3__c_61
                0x000019ec        0xe MySrc/Schedules.o
 .progmem.data._ZZ22Day_In_Bet_SchedullinghE3__c_60
                0x000019fa        0xe MySrc/Schedules.o
 .progmem.data._ZZ22Day_In_Bet_SchedullinghE3__c_59
                0x00001a08        0xd MySrc/Schedules.o
 .progmem.data._ZZ22Day_In_Bet_SchedullinghE3__c_58
                0x00001a15        0xd MySrc/Schedules.o
 .progmem.data._ZZ22Day_In_Bet_SchedullinghE3__c_57
                0x00001a22        0xd MySrc/Schedules.o
 .progmem.data._ZZ22Day_In_Bet_SchedullinghE3__c_56
                0x00001a2f        0xd MySrc/Schedules.o
 .progmem.data._ZZ22Day_In_Bet_SchedullinghE3__c_55
                0x00001a3c        0xd MySrc/Schedules.o
 .progmem.data._ZZ22Day_In_Bet_SchedullinghE3__c_54
                0x00001a49        0xd MySrc/Schedules.o
 .progmem.data._ZZ22Day_In_Bet_SchedullinghE3__c_53
                0x00001a56        0xd MySrc/Schedules.o
 .progmem.data._ZZ22Day_In_Bet_SchedullinghE3__c_52
                0x00001a63        0xd MySrc/Schedules.o
 .progmem.data._ZZ22Day_In_Bet_SchedullinghE3__c_51
                0x00001a70        0xd MySrc/Schedules.o
 .progmem.data._ZZ22Day_In_Bet_SchedullinghE3__c_50
                0x00001a7d        0xd MySrc/Schedules.o
 .progmem.data._ZZ22Day_In_Bet_SchedullinghE3__c_49
                0x00001a8a        0xd MySrc/Schedules.o
 .progmem.data._ZZ22Day_In_Bet_SchedullinghE3__c_48
                0x00001a97        0xd MySrc/Schedules.o
 .progmem.data._ZZ22Day_In_Bet_SchedullinghE3__c_47
                0x00001aa4        0xd MySrc/Schedules.o
 .progmem.data._ZZ22Day_In_Bet_SchedullinghE3__c_46
                0x00001ab1        0xd MySrc/Schedules.o
 .progmem.data._ZZ22Day_In_Bet_SchedullinghE3__c_45
                0x00001abe        0xd MySrc/Schedules.o
 .progmem.data._ZZ22Day_In_Bet_SchedullinghE3__c_44
                0x00001acb        0xd MySrc/Schedules.o
 .progmem.data._ZZ22Day_In_Bet_SchedullinghE3__c_43
                0x00001ad8        0xd MySrc/Schedules.o
 .progmem.data._ZZ22Day_In_Bet_SchedullinghE3__c_42
                0x00001ae5        0xd MySrc/Schedules.o
 .progmem.data._ZZ22Day_In_Bet_SchedullinghE3__c_41
                0x00001af2        0xd MySrc/Schedules.o
 .progmem.data._ZZ22Day_In_Bet_SchedullinghE3__c_40
                0x00001aff        0xd MySrc/Schedules.o
 .progmem.data._ZZ22Day_In_Bet_SchedullinghE3__c_39
                0x00001b0c        0xd MySrc/Schedules.o
 .progmem.data._ZZ22Day_In_Bet_SchedullinghE3__c_38
                0x00001b19        0xd MySrc/Schedules.o
 .progmem.data._ZZ22Day_In_Bet_SchedullinghE3__c_37
                0x00001b26        0xd MySrc/Schedules.o
 .progmem.data._ZZ22Day_In_Bet_SchedullinghE3__c_36
                0x00001b33        0xd MySrc/Schedules.o
 .progmem.data._ZZ22Day_In_Bet_SchedullinghE3__c_35
                0x00001b40        0xd MySrc/Schedules.o
 .progmem.data._ZZ22Day_In_Bet_SchedullinghE3__c_34
                0x00001b4d        0xd MySrc/Schedules.o
 .progmem.data._ZZ22Day_In_Bet_SchedullinghE3__c_33
                0x00001b5a        0xd MySrc/Schedules.o
 .progmem.data._ZZ22Day_In_Bet_SchedullinghE3__c_32
                0x00001b67        0xe MySrc/Schedules.o
 .progmem.data._ZZ22Day_In_Bet_SchedullinghE3__c_31
                0x00001b75        0xe MySrc/Schedules.o
 .progmem.data._ZZ22Day_In_Bet_SchedullinghE3__c_30
                0x00001b83        0xd MySrc/Schedules.o
 .progmem.data._ZZ22Day_In_Bet_SchedullinghE3__c_29
                0x00001b90        0xd MySrc/Schedules.o
 .progmem.data._ZZ22Day_In_Bet_SchedullinghE3__c_28
                0x00001b9d        0xd MySrc/Schedules.o
 .progmem.data._ZZ22Day_In_Bet_SchedullinghE3__c_27
                0x00001baa        0xd MySrc/Schedules.o
 .progmem.data._ZZ22Day_In_Bet_SchedullinghE3__c_26
                0x00001bb7        0xd MySrc/Schedules.o
 .progmem.data._ZZ22Day_In_Bet_SchedullinghE3__c_25
                0x00001bc4        0xd MySrc/Schedules.o
 .progmem.data._ZZ22Day_In_Bet_SchedullinghE3__c_24
                0x00001bd1        0xd MySrc/Schedules.o
 .progmem.data._ZZ22Day_In_Bet_SchedullinghE3__c_23
                0x00001bde        0xd MySrc/Schedules.o
 .progmem.data._ZZ22Day_In_Bet_SchedullinghE3__c_22
                0x00001beb        0xd MySrc/Schedules.o
 .progmem.data._ZZ22Day_In_Bet_SchedullinghE3__c_21
                0x00001bf8        0xd MySrc/Schedules.o
 .progmem.data._ZZ22Day_In_Bet_SchedullinghE3__c_20
                0x00001c05        0xd MySrc/Schedules.o
 .progmem.data._ZZ22Day_In_Bet_SchedullinghE3__c_19
                0x00001c12        0xd MySrc/Schedules.o
 .progmem.data._ZZ22Day_In_Bet_SchedullinghE3__c_18
                0x00001c1f        0xd MySrc/Schedules.o
 .progmem.data._ZZ22Day_In_Bet_SchedullinghE3__c_17
                0x00001c2c        0xd MySrc/Schedules.o
 .progmem.data._ZZ22Day_In_Bet_SchedullinghE3__c_16
                0x00001c39        0xd MySrc/Schedules.o
 .progmem.data._ZZ22Day_In_Bet_SchedullinghE3__c_15
                0x00001c46        0xd MySrc/Schedules.o
 .progmem.data._ZZ22Day_In_Bet_SchedullinghE3__c_14
                0x00001c53        0xd MySrc/Schedules.o
 .progmem.data._ZZ22Day_In_Bet_SchedullinghE3__c_13
                0x00001c60        0xd MySrc/Schedules.o
 .progmem.data._ZZ22Day_In_Bet_SchedullinghE3__c_12
                0x00001c6d        0xd MySrc/Schedules.o
 .progmem.data._ZZ22Day_In_Bet_SchedullinghE3__c_11
                0x00001c7a        0xd MySrc/Schedules.o
 .progmem.data._ZZ22Day_In_Bet_SchedullinghE3__c_10
                0x00001c87        0xd MySrc/Schedules.o
 .progmem.data._ZZ22Day_In_Bet_SchedullinghE3__c_9
                0x00001c94        0xd MySrc/Schedules.o
 .progmem.data._ZZ22Day_In_Bet_SchedullinghE3__c_8
                0x00001ca1        0xd MySrc/Schedules.o
 .progmem.data._ZZ22Day_In_Bet_SchedullinghE3__c_7
                0x00001cae        0xd MySrc/Schedules.o
 .progmem.data._ZZ22Day_In_Bet_SchedullinghE3__c_6
                0x00001cbb        0xd MySrc/Schedules.o
 .progmem.data._ZZ22Day_In_Bet_SchedullinghE3__c_5
                0x00001cc8        0xd MySrc/Schedules.o
 .progmem.data._ZZ22Day_In_Bet_SchedullinghE3__c_4
                0x00001cd5        0xd MySrc/Schedules.o
 .progmem.data._ZZ22Day_In_Bet_SchedullinghE3__c_3
                0x00001ce2       0x14 MySrc/Schedules.o
 .progmem.data._ZZ22Day_In_Bet_SchedullinghE3__c_2
                0x00001cf6       0x13 MySrc/Schedules.o
 .progmem.data._ZZ22Day_In_Bet_SchedullinghE3__c_1
                0x00001d09        0x8 MySrc/Schedules.o
 .progmem.data._ZZ22Day_In_Bet_SchedullinghE3__c_0
                0x00001d11        0x9 MySrc/Schedules.o
 .progmem.data._ZZ22Day_In_Bet_SchedullinghE3__c
                0x00001d1a        0x8 MySrc/Schedules.o
 .progmem.data._ZZ35Return_Calculated_Previous_Day_DatehE3__c_2
                0x00001d22       0x1a MySrc/Schedules.o
 .progmem.data._ZZ35Return_Calculated_Previous_Day_DatehE3__c_1
                0x00001d3c       0x19 MySrc/Schedules.o
 .progmem.data._ZZ35Return_Calculated_Previous_Day_DatehE3__c_0
                0x00001d55        0xd MySrc/Schedules.o
 .progmem.data._ZZ35Return_Calculated_Previous_Day_DatehE3__c
                0x00001d62       0x44 MySrc/Schedules.o
 .progmem.data._ZZ25Update_Wireless_Pump_DataPhE3__c
                0x00001da6       0x1c MySrc/Euro_Valve.o
 .progmem.data._ZZ22Update_Euro_Valve_DataPhE3__c_16
                0x00001dc2       0x14 MySrc/Euro_Valve.o
 .progmem.data._ZZ22Update_Euro_Valve_DataPhE3__c_15
                0x00001dd6       0x16 MySrc/Euro_Valve.o
 .progmem.data._ZZ22Update_Euro_Valve_DataPhE3__c_14
                0x00001dec       0x23 MySrc/Euro_Valve.o
 .progmem.data._ZZ22Update_Euro_Valve_DataPhE3__c_13
                0x00001e0f       0x34 MySrc/Euro_Valve.o
 .progmem.data._ZZ22Update_Euro_Valve_DataPhE3__c_12
                0x00001e43       0x13 MySrc/Euro_Valve.o
 .progmem.data._ZZ22Update_Euro_Valve_DataPhE3__c_11
                0x00001e56       0x25 MySrc/Euro_Valve.o
 .progmem.data._ZZ22Update_Euro_Valve_DataPhE3__c_10
                0x00001e7b       0x2c MySrc/Euro_Valve.o
 .progmem.data._ZZ22Update_Euro_Valve_DataPhE3__c_9
                0x00001ea7       0x1e MySrc/Euro_Valve.o
 .progmem.data._ZZ22Update_Euro_Valve_DataPhE3__c_8
                0x00001ec5        0xf MySrc/Euro_Valve.o
 .progmem.data._ZZ22Update_Euro_Valve_DataPhE3__c_7
                0x00001ed4       0x17 MySrc/Euro_Valve.o
 .progmem.data._ZZ22Update_Euro_Valve_DataPhE3__c_6
                0x00001eeb       0x11 MySrc/Euro_Valve.o
 .progmem.data._ZZ22Update_Euro_Valve_DataPhE3__c_5
                0x00001efc       0x18 MySrc/Euro_Valve.o
 .progmem.data._ZZ22Update_Euro_Valve_DataPhE3__c_4
                0x00001f14       0x11 MySrc/Euro_Valve.o
 .progmem.data._ZZ22Update_Euro_Valve_DataPhE3__c_3
                0x00001f25       0x12 MySrc/Euro_Valve.o
 .progmem.data._ZZ22Update_Euro_Valve_DataPhE3__c_2
                0x00001f37       0x1b MySrc/Euro_Valve.o
 .progmem.data._ZZ22Update_Euro_Valve_DataPhE3__c_1
                0x00001f52        0xc MySrc/Euro_Valve.o
 .progmem.data._ZZ22Update_Euro_Valve_DataPhE3__c_0
                0x00001f5e       0x18 MySrc/Euro_Valve.o
 .progmem.data._ZZ22Update_Euro_Valve_DataPhE3__c
                0x00001f76       0x13 MySrc/Euro_Valve.o
 .progmem.data._ZZ16Gsm_Gprs_NetworkvE3__c_9
                0x00001f89        0x5 MySrc/GSM_GPRS_Network.o
 .progmem.data._ZZ16Gsm_Gprs_NetworkvE3__c_8
                0x00001f8e        0xc MySrc/GSM_GPRS_Network.o
 .progmem.data._ZZ16Gsm_Gprs_NetworkvE3__c_7
                0x00001f9a       0x21 MySrc/GSM_GPRS_Network.o
 .progmem.data._ZZ16Gsm_Gprs_NetworkvE3__c_6
                0x00001fbb       0x20 MySrc/GSM_GPRS_Network.o
 .progmem.data._ZZ16Gsm_Gprs_NetworkvE3__c_5
                0x00001fdb        0x5 MySrc/GSM_GPRS_Network.o
 .progmem.data._ZZ16Gsm_Gprs_NetworkvE3__c_4
                0x00001fe0        0xc MySrc/GSM_GPRS_Network.o
 .progmem.data._ZZ16Gsm_Gprs_NetworkvE3__c_3
                0x00001fec       0x15 MySrc/GSM_GPRS_Network.o
 .progmem.data._ZZ16Gsm_Gprs_NetworkvE3__c_2
                0x00002001       0x18 MySrc/GSM_GPRS_Network.o
 .progmem.data._ZZ16Gsm_Gprs_NetworkvE3__c_1
                0x00002019        0x4 MySrc/GSM_GPRS_Network.o
 .progmem.data._ZZ16Gsm_Gprs_NetworkvE3__c_0
                0x0000201d        0x9 MySrc/GSM_GPRS_Network.o
 .progmem.data._ZZ16Gsm_Gprs_NetworkvE3__c
                0x00002026       0x20 MySrc/GSM_GPRS_Network.o
 .progmem.data._ZZ14Get_Local_TimevE3__c_4
                0x00002046        0xb MySrc/GSM_GPRS_Network.o
 .progmem.data._ZZ14Get_Local_TimevE3__c_3
                0x00002051        0xc MySrc/GSM_GPRS_Network.o
 .progmem.data._ZZ14Get_Local_TimevE3__c_2
                0x0000205d        0xb MySrc/GSM_GPRS_Network.o
 .progmem.data._ZZ14Get_Local_TimevE3__c_1
                0x00002068        0x9 MySrc/GSM_GPRS_Network.o
 .progmem.data._ZZ14Get_Local_TimevE3__c_0
                0x00002071        0x8 MySrc/GSM_GPRS_Network.o
 .progmem.data._ZZ14Get_Local_TimevE3__c
                0x00002079       0x1d MySrc/GSM_GPRS_Network.o
 .progmem.data._ZZ16Display_Update_1vE3__c_25
                0x00002096        0xd MySrc/Hardware_Config.o
 .progmem.data._ZZ16Display_Update_1vE3__c_24
                0x000020a3        0xd MySrc/Hardware_Config.o
 .progmem.data._ZZ16Display_Update_1vE3__c_23
                0x000020b0       0x15 MySrc/Hardware_Config.o
 .progmem.data._ZZ16Display_Update_1vE3__c_22
                0x000020c5       0x15 MySrc/Hardware_Config.o
 .progmem.data._ZZ16Display_Update_1vE3__c_21
                0x000020da       0x15 MySrc/Hardware_Config.o
 .progmem.data._ZZ16Display_Update_1vE3__c_20
                0x000020ef       0x15 MySrc/Hardware_Config.o
 .progmem.data._ZZ16Display_Update_1vE3__c_19
                0x00002104       0x15 MySrc/Hardware_Config.o
 .progmem.data._ZZ16Display_Update_1vE3__c_18
                0x00002119       0x15 MySrc/Hardware_Config.o
 .progmem.data._ZZ16Display_Update_1vE3__c_17
                0x0000212e       0x15 MySrc/Hardware_Config.o
 .progmem.data._ZZ16Display_Update_1vE3__c_16
                0x00002143       0x15 MySrc/Hardware_Config.o
 .progmem.data._ZZ16Display_Update_1vE3__c_15
                0x00002158       0x15 MySrc/Hardware_Config.o
 .progmem.data._ZZ16Display_Update_1vE3__c_14
                0x0000216d       0x12 MySrc/Hardware_Config.o
 .progmem.data._ZZ16Display_Update_1vE3__c_13
                0x0000217f       0x15 MySrc/Hardware_Config.o
 .progmem.data._ZZ16Display_Update_1vE3__c_12
                0x00002194       0x15 MySrc/Hardware_Config.o
 .progmem.data._ZZ16Display_Update_1vE3__c_11
                0x000021a9       0x15 MySrc/Hardware_Config.o
 .progmem.data._ZZ16Display_Update_1vE3__c_10
                0x000021be       0x15 MySrc/Hardware_Config.o
 .progmem.data._ZZ16Display_Update_1vE3__c_9
                0x000021d3       0x15 MySrc/Hardware_Config.o
 .progmem.data._ZZ16Display_Update_1vE3__c_8
                0x000021e8       0x15 MySrc/Hardware_Config.o
 .progmem.data._ZZ16Display_Update_1vE3__c_7
                0x000021fd       0x15 MySrc/Hardware_Config.o
 .progmem.data._ZZ16Display_Update_1vE3__c_6
                0x00002212       0x15 MySrc/Hardware_Config.o
 .progmem.data._ZZ16Display_Update_1vE3__c_5
                0x00002227       0x15 MySrc/Hardware_Config.o
 .progmem.data._ZZ16Display_Update_1vE3__c_4
                0x0000223c       0x15 MySrc/Hardware_Config.o
 .progmem.data._ZZ16Display_Update_1vE3__c_3
                0x00002251       0x15 MySrc/Hardware_Config.o
 .progmem.data._ZZ16Display_Update_1vE3__c_2
                0x00002266       0x15 MySrc/Hardware_Config.o
 .progmem.data._ZZ16Display_Update_1vE3__c_1
                0x0000227b       0x15 MySrc/Hardware_Config.o
 .progmem.data._ZZ16Display_Update_1vE3__c_0
                0x00002290       0x15 MySrc/Hardware_Config.o
 .progmem.data._ZZ16Display_Update_1vE3__c
                0x000022a5       0x15 MySrc/Hardware_Config.o
 .progmem.data._ZZ21Subscribed_data_checkvE3__c_0
                0x000022ba        0xc MySrc/Hardware_Config.o
 .progmem.data._ZZ21Subscribed_data_checkvE3__c
                0x000022c6        0x8 MySrc/Hardware_Config.o
 .progmem.data._ZZ9MQTT_LoopvE3__c_1
                0x000022ce        0xa MySrc/Hardware_Config.o
 .progmem.data._ZZ9MQTT_LoopvE3__c_0
                0x000022d8        0xb MySrc/Hardware_Config.o
 .progmem.data._ZZ9MQTT_LoopvE3__c
                0x000022e3        0xa MySrc/Hardware_Config.o
 .progmem.data._ZZ17Is_MQTT_ConnectedvE3__c_1
                0x000022ed       0x18 MySrc/Hardware_Config.o
 .progmem.data._ZZ17Is_MQTT_ConnectedvE3__c_0
                0x00002305       0x18 MySrc/Hardware_Config.o
 .progmem.data._ZZ17Is_MQTT_ConnectedvE3__c
                0x0000231d       0x11 MySrc/Hardware_Config.o
 .progmem.data._ZZ12MQTT_ConnectPKcS0_S0_E3__c_1
                0x0000232e        0xe MySrc/Hardware_Config.o
 .progmem.data._ZZ12MQTT_ConnectPKcS0_S0_E3__c_0
                0x0000233c        0xe MySrc/Hardware_Config.o
 .progmem.data._ZZ12MQTT_ConnectPKcS0_S0_E3__c
                0x0000234a       0x13 MySrc/Hardware_Config.o
 .progmem.data._ZZ14MQTT_SUBSCRIBEPcE3__c
                0x0000235d        0xc MySrc/Hardware_Config.o
 .progmem.data._ZZ12MQTT_PublishPhS_E3__c
                0x00002369        0xa MySrc/Hardware_Config.o
 .progmem.data._ZZ12Gprs_ConnectPcE3__c
                0x00002373       0x29 MySrc/Hardware_Config.o
 .progmem.data._ZZ17Get_Operator_NamePcE3__c
                0x0000239c        0x9 MySrc/Hardware_Config.o
 .progmem.data._ZZ20Check_Gsm_ConnectionvE3__c_7
                0x000023a5        0xa MySrc/Hardware_Config.o
 .progmem.data._ZZ20Check_Gsm_ConnectionvE3__c_6
                0x000023af        0xb MySrc/Hardware_Config.o
 .progmem.data._ZZ20Check_Gsm_ConnectionvE3__c_5
                0x000023ba        0xa MySrc/Hardware_Config.o
 .progmem.data._ZZ20Check_Gsm_ConnectionvE3__c_4
                0x000023c4        0xb MySrc/Hardware_Config.o
 .progmem.data._ZZ20Check_Gsm_ConnectionvE3__c_3
                0x000023cf        0x9 MySrc/Hardware_Config.o
 .progmem.data._ZZ20Check_Gsm_ConnectionvE3__c_2
                0x000023d8        0xa MySrc/Hardware_Config.o
 .progmem.data._ZZ20Check_Gsm_ConnectionvE3__c_1
                0x000023e2        0x9 MySrc/Hardware_Config.o
 .progmem.data._ZZ20Check_Gsm_ConnectionvE3__c_0
                0x000023eb        0xa MySrc/Hardware_Config.o
 .progmem.data._ZZ20Check_Gsm_ConnectionvE3__c
                0x000023f5        0xb MySrc/Hardware_Config.o
 .progmem.data._ZZ8Gsm_InitvE3__c_0
                0x00002400        0xa MySrc/Hardware_Config.o
 .progmem.data._ZZ8Gsm_InitvE3__c
                0x0000240a        0x3 MySrc/Hardware_Config.o
 .progmem.data._ZZ18_kGSM_SIG_STRENGTHvE3__c_0
                0x0000240d        0xf MySrc/Hardware_Config.o
 .progmem.data._ZZ18_kGSM_SIG_STRENGTHvE3__c
                0x0000241c        0x7 MySrc/Hardware_Config.o
 .progmem.data._ZZ14Lora_Data_SendhE3__c_1
                0x00002423        0xa MySrc/Hardware_Config.o
 .progmem.data._ZZ14Lora_Data_SendhE3__c_0
                0x0000242d        0xd MySrc/Hardware_Config.o
 .progmem.data._ZZ14Lora_Data_SendhE3__c
                0x0000243a       0x16 MySrc/Hardware_Config.o
 .progmem.data._ZZ19Initialise_HardwarevE3__c_5
                0x00002450       0x12 MySrc/Hardware_Config.o
 .progmem.data._ZZ19Initialise_HardwarevE3__c_4
                0x00002462        0xe MySrc/Hardware_Config.o
 .progmem.data._ZZ19Initialise_HardwarevE3__c_3
                0x00002470       0x13 MySrc/Hardware_Config.o
 .progmem.data._ZZ19Initialise_HardwarevE3__c_2
                0x00002483        0xf MySrc/Hardware_Config.o
 .progmem.data._ZZ19Initialise_HardwarevE3__c_1
                0x00002492        0xd MySrc/Hardware_Config.o
 .progmem.data._ZZ19Initialise_HardwarevE3__c_0
                0x0000249f       0x15 MySrc/Hardware_Config.o
 .progmem.data._ZZ19Initialise_HardwarevE3__c
                0x000024b4       0x15 MySrc/Hardware_Config.o
 .progmem.data._ZZ21Exra_Plot_Data_EEPROMhE3__c_2
                0x000024c9        0xc MySrc/Initialize.o
 .progmem.data._ZZ21Exra_Plot_Data_EEPROMhE3__c_1
                0x000024d5       0x15 MySrc/Initialize.o
 .progmem.data._ZZ21Exra_Plot_Data_EEPROMhE3__c_0
                0x000024ea       0x17 MySrc/Initialize.o
 .progmem.data._ZZ21Exra_Plot_Data_EEPROMhE3__c
                0x00002501        0xe MySrc/Initialize.o
 .progmem.data._ZZ18Local_Time_SettingvE3__c_2
                0x0000250f        0xd MySrc/Initialize.o
 .progmem.data._ZZ18Local_Time_SettingvE3__c_1
                0x0000251c        0x9 MySrc/Initialize.o
 .progmem.data._ZZ18Local_Time_SettingvE3__c_0
                0x00002525        0x5 MySrc/Initialize.o
 .progmem.data._ZZ18Local_Time_SettingvE3__c
                0x0000252a        0x3 MySrc/Initialize.o
 .progmem.data._ZZ9Check_SimcE3__c_1
                0x0000252d        0x9 MySrc/Initialize.o
 .progmem.data._ZZ9Check_SimcE3__c_0
                0x00002536        0x5 MySrc/Initialize.o
 .progmem.data._ZZ9Check_SimcE3__c
                0x0000253b        0xc MySrc/Initialize.o
 .progmem.data._ZZ11Check_PhasevE3__c_0
                0x00002547       0x10 MySrc/Initialize.o
 .progmem.data._ZZ11Check_PhasevE3__c
                0x00002557       0x14 MySrc/Initialize.o
 .progmem.data._ZZ14Faults_HandlervE3__c_5
                0x0000256b       0x10 MySrc/Initialize.o
 .progmem.data._ZZ14Faults_HandlervE3__c_4
                0x0000257b       0x11 MySrc/Initialize.o
 .progmem.data._ZZ14Faults_HandlervE3__c_3
                0x0000258c        0xd MySrc/Initialize.o
 .progmem.data._ZZ14Faults_HandlervE3__c_2
                0x00002599        0xe MySrc/Initialize.o
 .progmem.data._ZZ14Faults_HandlervE3__c_1
                0x000025a7       0x10 MySrc/Initialize.o
 .progmem.data._ZZ14Faults_HandlervE3__c_0
                0x000025b7       0x11 MySrc/Initialize.o
 .progmem.data._ZZ14Faults_HandlervE3__c
                0x000025c8       0x28 MySrc/Initialize.o
 .progmem.data._ZZ19Calibration_Of_PumpvE3__c
                0x000025f0       0x19 MySrc/Initialize.o
 .progmem.data._ZZ11Read_EEPROMvE3__c_2
                0x00002609        0xc MySrc/Initialize.o
 .progmem.data._ZZ11Read_EEPROMvE3__c_1
                0x00002615       0x1c MySrc/Initialize.o
 .progmem.data._ZZ11Read_EEPROMvE3__c_0
                0x00002631       0x18 MySrc/Initialize.o
 .progmem.data._ZZ11Read_EEPROMvE3__c
                0x00002649       0x15 MySrc/Initialize.o
 .progmem.data._ZZ20Param_InitializationvE3__c_3
                0x0000265e       0x1b MySrc/Initialize.o
 .progmem.data._ZZ20Param_InitializationvE3__c_2
                0x00002679       0x56 MySrc/Initialize.o
 .progmem.data._ZZ20Param_InitializationvE3__c_1
                0x000026cf       0x17 MySrc/Initialize.o
 .progmem.data._ZZ20Param_InitializationvE3__c_0
                0x000026e6       0x21 MySrc/Initialize.o
 .progmem.data._ZZ20Param_InitializationvE3__c
                0x00002707       0x25 MySrc/Initialize.o
 .progmem.data._ZZ21Subscribe_MQTT_TopicsvE3__c
                0x0000272c       0x2c MySrc/MQTT_Handler.o
 .progmem.data._ZZ14Ping_to_ServervE3__c_13
                0x00002758        0x5 MySrc/MQTT_Handler.o
 .progmem.data._ZZ14Ping_to_ServervE3__c_12
                0x0000275d        0xc MySrc/MQTT_Handler.o
 .progmem.data._ZZ14Ping_to_ServervE3__c_11
                0x00002769       0x1b MySrc/MQTT_Handler.o
 .progmem.data._ZZ14Ping_to_ServervE3__c_10
                0x00002784       0x19 MySrc/MQTT_Handler.o
 .progmem.data._ZZ14Ping_to_ServervE3__c_9
                0x0000279d       0x15 MySrc/MQTT_Handler.o
 .progmem.data._ZZ14Ping_to_ServervE3__c_8
                0x000027b2       0x14 MySrc/MQTT_Handler.o
 .progmem.data._ZZ14Ping_to_ServervE3__c_7
                0x000027c6       0x1a MySrc/MQTT_Handler.o
 .progmem.data._ZZ14Ping_to_ServervE3__c_6
                0x000027e0       0x17 MySrc/MQTT_Handler.o
 .progmem.data._ZZ14Ping_to_ServervE3__c_5
                0x000027f7        0xc MySrc/MQTT_Handler.o
 .progmem.data._ZZ14Ping_to_ServervE3__c_4
                0x00002803        0xe MySrc/MQTT_Handler.o
 .progmem.data._ZZ14Ping_to_ServervE3__c_3
                0x00002811       0x11 MySrc/MQTT_Handler.o
 .progmem.data._ZZ14Ping_to_ServervE3__c_2
                0x00002822       0x11 MySrc/MQTT_Handler.o
 .progmem.data._ZZ14Ping_to_ServervE3__c_1
                0x00002833        0x5 MySrc/MQTT_Handler.o
 .progmem.data._ZZ14Ping_to_ServervE3__c_0
                0x00002838        0x5 MySrc/MQTT_Handler.o
 .progmem.data._ZZ14Ping_to_ServervE3__c
                0x0000283d        0xc MySrc/MQTT_Handler.o
 .progmem.data._ZZ11Init_BrokervE3__c_4
                0x00002849       0x1f MySrc/MQTT_Handler.o
 .progmem.data._ZZ11Init_BrokervE3__c_3
                0x00002868       0x1b MySrc/MQTT_Handler.o
 .progmem.data._ZZ11Init_BrokervE3__c_2
                0x00002883       0x14 MySrc/MQTT_Handler.o
 .progmem.data._ZZ11Init_BrokervE3__c_1
                0x00002897        0xf MySrc/MQTT_Handler.o
 .progmem.data._ZZ11Init_BrokervE3__c_0
                0x000028a6       0x16 MySrc/MQTT_Handler.o
 .progmem.data._ZZ11Init_BrokervE3__c
                0x000028bc       0x11 MySrc/MQTT_Handler.o
 .progmem.data._ZZ4mainE3__c_0
                0x000028cd       0x13 MySrc/Mymain.o
 .progmem.data._ZZ4mainE3__c
                0x000028e0       0x13 MySrc/Mymain.o
 .progmem.data._ZZ24Pump_Status_List_MonitorvE3__c
                0x000028f3       0x29 MySrc/Running_Operation.o
 .progmem.data._ZZ24Plot_Status_List_MonitorvE3__c_11
                0x0000291c       0x1f MySrc/Running_Operation.o
 .progmem.data._ZZ24Plot_Status_List_MonitorvE3__c_10
                0x0000293b       0x3b MySrc/Running_Operation.o
 .progmem.data._ZZ24Plot_Status_List_MonitorvE3__c_9
                0x00002976       0x3b MySrc/Running_Operation.o
 .progmem.data._ZZ24Plot_Status_List_MonitorvE3__c_8
                0x000029b1       0x13 MySrc/Running_Operation.o
 .progmem.data._ZZ24Plot_Status_List_MonitorvE3__c_7
                0x000029c4       0x2b MySrc/Running_Operation.o
 .progmem.data._ZZ24Plot_Status_List_MonitorvE3__c_6
                0x000029ef       0x1e MySrc/Running_Operation.o
 .progmem.data._ZZ24Plot_Status_List_MonitorvE3__c_5
                0x00002a0d       0x16 MySrc/Running_Operation.o
 .progmem.data._ZZ24Plot_Status_List_MonitorvE3__c_4
                0x00002a23       0x24 MySrc/Running_Operation.o
 .progmem.data._ZZ24Plot_Status_List_MonitorvE3__c_3
                0x00002a47       0x16 MySrc/Running_Operation.o
 .progmem.data._ZZ24Plot_Status_List_MonitorvE3__c_2
                0x00002a5d       0x14 MySrc/Running_Operation.o
 .progmem.data._ZZ24Plot_Status_List_MonitorvE3__c_1
                0x00002a71       0x10 MySrc/Running_Operation.o
 .progmem.data._ZZ24Plot_Status_List_MonitorvE3__c_0
                0x00002a81        0x2 MySrc/Running_Operation.o
 .progmem.data._ZZ24Plot_Status_List_MonitorvE3__c
                0x00002a83       0x19 MySrc/Running_Operation.o
 .progmem.data._ZZ20Wireless_Pump_On_OffhhE3__c_21
                0x00002a9c       0x1e MySrc/Running_Operation.o
 .progmem.data._ZZ20Wireless_Pump_On_OffhhE3__c_20
                0x00002aba       0x19 MySrc/Running_Operation.o
 .progmem.data._ZZ20Wireless_Pump_On_OffhhE3__c_19
                0x00002ad3       0x27 MySrc/Running_Operation.o
 .progmem.data._ZZ20Wireless_Pump_On_OffhhE3__c_18
                0x00002afa       0x13 MySrc/Running_Operation.o
 .progmem.data._ZZ20Wireless_Pump_On_OffhhE3__c_14
                0x00002b0d       0x1c MySrc/Running_Operation.o
 .progmem.data._ZZ20Wireless_Pump_On_OffhhE3__c_13
                0x00002b29       0x1c MySrc/Running_Operation.o
 .progmem.data._ZZ20Wireless_Pump_On_OffhhE3__c_12
                0x00002b45       0x1c MySrc/Running_Operation.o
 .progmem.data._ZZ20Wireless_Pump_On_OffhhE3__c_11
                0x00002b61       0x1e MySrc/Running_Operation.o
 .progmem.data._ZZ20Wireless_Pump_On_OffhhE3__c_10
                0x00002b7f        0xb MySrc/Running_Operation.o
 .progmem.data._ZZ20Wireless_Pump_On_OffhhE3__c_9
                0x00002b8a       0x1c MySrc/Running_Operation.o
 .progmem.data._ZZ20Wireless_Pump_On_OffhhE3__c_8
                0x00002ba6       0x1e MySrc/Running_Operation.o
 .progmem.data._ZZ20Wireless_Pump_On_OffhhE3__c_7
                0x00002bc4        0xa MySrc/Running_Operation.o
 .progmem.data._ZZ20Wireless_Pump_On_OffhhE3__c_6
                0x00002bce       0x1c MySrc/Running_Operation.o
 .progmem.data._ZZ20Wireless_Pump_On_OffhhE3__c_5
                0x00002bea       0x1e MySrc/Running_Operation.o
 .progmem.data._ZZ20Wireless_Pump_On_OffhhE3__c_4
                0x00002c08       0x2c MySrc/Running_Operation.o
 .progmem.data._ZZ20Wireless_Pump_On_OffhhE3__c_3
                0x00002c34       0x27 MySrc/Running_Operation.o
 .progmem.data._ZZ20Wireless_Pump_On_OffhhE3__c_2
                0x00002c5b       0x19 MySrc/Running_Operation.o
 .progmem.data._ZZ20Wireless_Pump_On_OffhhE3__c_1
                0x00002c74       0x1c MySrc/Running_Operation.o
 .progmem.data._ZZ20Wireless_Pump_On_OffhhE3__c_0
                0x00002c90       0x27 MySrc/Running_Operation.o
 .progmem.data._ZZ20Wireless_Pump_On_OffhhE3__c
                0x00002cb7       0x13 MySrc/Running_Operation.o
 .progmem.data._ZZ20Handle_Wireless_PumpvE3__c_0
                0x00002cca       0x2f MySrc/Running_Operation.o
 .progmem.data._ZZ20Handle_Wireless_PumpvE3__c
                0x00002cf9       0x2b MySrc/Running_Operation.o
 .progmem.data._ZZ33Extra_Plot_Valve_Grouping_HandlerhhE3__c_11
                0x00002d24       0x1f MySrc/Running_Operation.o
 .progmem.data._ZZ33Extra_Plot_Valve_Grouping_HandlerhhE3__c_10
                0x00002d43       0x3b MySrc/Running_Operation.o
 .progmem.data._ZZ33Extra_Plot_Valve_Grouping_HandlerhhE3__c_9
                0x00002d7e       0x3b MySrc/Running_Operation.o
 .progmem.data._ZZ33Extra_Plot_Valve_Grouping_HandlerhhE3__c_8
                0x00002db9       0x13 MySrc/Running_Operation.o
 .progmem.data._ZZ33Extra_Plot_Valve_Grouping_HandlerhhE3__c_7
                0x00002dcc       0x2b MySrc/Running_Operation.o
 .progmem.data._ZZ33Extra_Plot_Valve_Grouping_HandlerhhE3__c_6
                0x00002df7       0x1e MySrc/Running_Operation.o
 .progmem.data._ZZ33Extra_Plot_Valve_Grouping_HandlerhhE3__c_5
                0x00002e15       0x16 MySrc/Running_Operation.o
 .progmem.data._ZZ33Extra_Plot_Valve_Grouping_HandlerhhE3__c_4
                0x00002e2b       0x24 MySrc/Running_Operation.o
 .progmem.data._ZZ33Extra_Plot_Valve_Grouping_HandlerhhE3__c_3
                0x00002e4f       0x16 MySrc/Running_Operation.o
 .progmem.data._ZZ33Extra_Plot_Valve_Grouping_HandlerhhE3__c_2
                0x00002e65       0x14 MySrc/Running_Operation.o
 .progmem.data._ZZ33Extra_Plot_Valve_Grouping_HandlerhhE3__c_1
                0x00002e79       0x1c MySrc/Running_Operation.o
 .progmem.data._ZZ33Extra_Plot_Valve_Grouping_HandlerhhE3__c_0
                0x00002e95        0x2 MySrc/Running_Operation.o
 .progmem.data._ZZ33Extra_Plot_Valve_Grouping_HandlerhhE3__c
                0x00002e97        0xe MySrc/Running_Operation.o
 .progmem.data._ZZ25Stop_Extra_Plot_OperationhE3__c_4
                0x00002ea5       0x19 MySrc/Running_Operation.o
 .progmem.data._ZZ25Stop_Extra_Plot_OperationhE3__c_3
                0x00002ebe       0x11 MySrc/Running_Operation.o
 .progmem.data._ZZ25Stop_Extra_Plot_OperationhE3__c_2
                0x00002ecf       0x28 MySrc/Running_Operation.o
 .progmem.data._ZZ25Stop_Extra_Plot_OperationhE3__c_1
                0x00002ef7       0x20 MySrc/Running_Operation.o
 .progmem.data._ZZ25Stop_Extra_Plot_OperationhE3__c_0
                0x00002f17       0x26 MySrc/Running_Operation.o
 .progmem.data._ZZ25Stop_Extra_Plot_OperationhE3__c
                0x00002f3d       0x12 MySrc/Running_Operation.o
 .progmem.data._ZZ26Start_Extra_Plot_OperationhE3__c_2
                0x00002f4f       0x17 MySrc/Running_Operation.o
 .progmem.data._ZZ26Start_Extra_Plot_OperationhE3__c_1
                0x00002f66        0xe MySrc/Running_Operation.o
 .progmem.data._ZZ26Start_Extra_Plot_OperationhE3__c_0
                0x00002f74       0x25 MySrc/Running_Operation.o
 .progmem.data._ZZ26Start_Extra_Plot_OperationhE3__c
                0x00002f99       0x18 MySrc/Running_Operation.o
 .progmem.data._ZZ24Run_Extra_Plot_OperationvE3__c
                0x00002fb1       0x15 MySrc/Running_Operation.o
 .progmem.data._ZZ12Publish_DatavE3__c_85
                0x00002fc6        0x5 MySrc/Running_Operation.o
 .progmem.data._ZZ12Publish_DatavE3__c_84
                0x00002fcb        0x5 MySrc/Running_Operation.o
 .progmem.data._ZZ12Publish_DatavE3__c_83
                0x00002fd0        0x5 MySrc/Running_Operation.o
 .progmem.data._ZZ12Publish_DatavE3__c_82
                0x00002fd5        0x5 MySrc/Running_Operation.o
 .progmem.data._ZZ12Publish_DatavE3__c_81
                0x00002fda        0x7 MySrc/Running_Operation.o
 .progmem.data._ZZ12Publish_DatavE3__c_80
                0x00002fe1        0x8 MySrc/Running_Operation.o
 .progmem.data._ZZ12Publish_DatavE3__c_79
                0x00002fe9        0x8 MySrc/Running_Operation.o
 .progmem.data._ZZ12Publish_DatavE3__c_78
                0x00002ff1        0x8 MySrc/Running_Operation.o
 .progmem.data._ZZ12Publish_DatavE3__c_77
                0x00002ff9       0x1c MySrc/Running_Operation.o
 .progmem.data._ZZ12Publish_DatavE3__c_76
                0x00003015        0x7 MySrc/Running_Operation.o
 .progmem.data._ZZ12Publish_DatavE3__c_75
                0x0000301c        0x7 MySrc/Running_Operation.o
 .progmem.data._ZZ12Publish_DatavE3__c_74
                0x00003023        0x7 MySrc/Running_Operation.o
 .progmem.data._ZZ12Publish_DatavE3__c_73
                0x0000302a        0x7 MySrc/Running_Operation.o
 .progmem.data._ZZ12Publish_DatavE3__c_72
                0x00003031        0x7 MySrc/Running_Operation.o
 .progmem.data._ZZ12Publish_DatavE3__c_71
                0x00003038        0x7 MySrc/Running_Operation.o
 .progmem.data._ZZ12Publish_DatavE3__c_70
                0x0000303f        0x4 MySrc/Running_Operation.o
 .progmem.data._ZZ12Publish_DatavE3__c_69
                0x00003043       0x1b MySrc/Running_Operation.o
 .progmem.data._ZZ12Publish_DatavE3__c_68
                0x0000305e        0x8 MySrc/Running_Operation.o
 .progmem.data._ZZ12Publish_DatavE3__c_67
                0x00003066        0x8 MySrc/Running_Operation.o
 .progmem.data._ZZ12Publish_DatavE3__c_66
                0x0000306e        0x8 MySrc/Running_Operation.o
 .progmem.data._ZZ12Publish_DatavE3__c_65
                0x00003076        0xd MySrc/Running_Operation.o
 .progmem.data._ZZ12Publish_DatavE3__c_64
                0x00003083        0x5 MySrc/Running_Operation.o
 .progmem.data._ZZ12Publish_DatavE3__c_63
                0x00003088        0x6 MySrc/Running_Operation.o
 .progmem.data._ZZ12Publish_DatavE3__c_62
                0x0000308e        0x5 MySrc/Running_Operation.o
 .progmem.data._ZZ12Publish_DatavE3__c_61
                0x00003093        0xc MySrc/Running_Operation.o
 .progmem.data._ZZ12Publish_DatavE3__c_60
                0x0000309f        0x9 MySrc/Running_Operation.o
 .progmem.data._ZZ12Publish_DatavE3__c_59
                0x000030a8        0xf MySrc/Running_Operation.o
 .progmem.data._ZZ12Publish_DatavE3__c_58
                0x000030b7        0x9 MySrc/Running_Operation.o
 .progmem.data._ZZ12Publish_DatavE3__c_57
                0x000030c0        0xf MySrc/Running_Operation.o
 .progmem.data._ZZ12Publish_DatavE3__c_56
                0x000030cf        0x9 MySrc/Running_Operation.o
 .progmem.data._ZZ12Publish_DatavE3__c_55
                0x000030d8        0xf MySrc/Running_Operation.o
 .progmem.data._ZZ12Publish_DatavE3__c_54
                0x000030e7        0x9 MySrc/Running_Operation.o
 .progmem.data._ZZ12Publish_DatavE3__c_53
                0x000030f0        0x5 MySrc/Running_Operation.o
 .progmem.data._ZZ12Publish_DatavE3__c_52
                0x000030f5        0x5 MySrc/Running_Operation.o
 .progmem.data._ZZ12Publish_DatavE3__c_51
                0x000030fa       0x13 MySrc/Running_Operation.o
 .progmem.data._ZZ12Publish_DatavE3__c_50
                0x0000310d        0x5 MySrc/Running_Operation.o
 .progmem.data._ZZ12Publish_DatavE3__c_49
                0x00003112        0x8 MySrc/Running_Operation.o
 .progmem.data._ZZ12Publish_DatavE3__c_48
                0x0000311a        0x8 MySrc/Running_Operation.o
 .progmem.data._ZZ12Publish_DatavE3__c_47
                0x00003122        0x8 MySrc/Running_Operation.o
 .progmem.data._ZZ12Publish_DatavE3__c_46
                0x0000312a        0x7 MySrc/Running_Operation.o
 .progmem.data._ZZ12Publish_DatavE3__c_45
                0x00003131        0x7 MySrc/Running_Operation.o
 .progmem.data._ZZ12Publish_DatavE3__c_44
                0x00003138        0x7 MySrc/Running_Operation.o
 .progmem.data._ZZ12Publish_DatavE3__c_43
                0x0000313f        0x7 MySrc/Running_Operation.o
 .progmem.data._ZZ12Publish_DatavE3__c_42
                0x00003146        0x7 MySrc/Running_Operation.o
 .progmem.data._ZZ12Publish_DatavE3__c_41
                0x0000314d       0x22 MySrc/Running_Operation.o
 .progmem.data._ZZ12Publish_DatavE3__c_40
                0x0000316f        0x7 MySrc/Running_Operation.o
 .progmem.data._ZZ12Publish_DatavE3__c_39
                0x00003176       0x21 MySrc/Running_Operation.o
 .progmem.data._ZZ12Publish_DatavE3__c_38
                0x00003197        0x4 MySrc/Running_Operation.o
 .progmem.data._ZZ12Publish_DatavE3__c_37
                0x0000319b       0x13 MySrc/Running_Operation.o
 .progmem.data._ZZ12Publish_DatavE3__c_36
                0x000031ae        0x5 MySrc/Running_Operation.o
 .progmem.data._ZZ12Publish_DatavE3__c_35
                0x000031b3        0x5 MySrc/Running_Operation.o
 .progmem.data._ZZ12Publish_DatavE3__c_34
                0x000031b8        0x5 MySrc/Running_Operation.o
 .progmem.data._ZZ12Publish_DatavE3__c_33
                0x000031bd        0x5 MySrc/Running_Operation.o
 .progmem.data._ZZ12Publish_DatavE3__c_32
                0x000031c2        0x7 MySrc/Running_Operation.o
 .progmem.data._ZZ12Publish_DatavE3__c_31
                0x000031c9        0x8 MySrc/Running_Operation.o
 .progmem.data._ZZ12Publish_DatavE3__c_30
                0x000031d1        0x8 MySrc/Running_Operation.o
 .progmem.data._ZZ12Publish_DatavE3__c_29
                0x000031d9        0x8 MySrc/Running_Operation.o
 .progmem.data._ZZ12Publish_DatavE3__c_28
                0x000031e1        0x8 MySrc/Running_Operation.o
 .progmem.data._ZZ12Publish_DatavE3__c_27
                0x000031e9       0x14 MySrc/Running_Operation.o
 .progmem.data._ZZ12Publish_DatavE3__c_26
                0x000031fd        0x6 MySrc/Running_Operation.o
 .progmem.data._ZZ12Publish_DatavE3__c_25
                0x00003203       0x16 MySrc/Running_Operation.o
 .progmem.data._ZZ12Publish_DatavE3__c_24
                0x00003219        0xa MySrc/Running_Operation.o
 .progmem.data._ZZ12Publish_DatavE3__c_23
                0x00003223        0x5 MySrc/Running_Operation.o
 .progmem.data._ZZ12Publish_DatavE3__c_22
                0x00003228        0xc MySrc/Running_Operation.o
 .progmem.data._ZZ12Publish_DatavE3__c_21
                0x00003234       0x16 MySrc/Running_Operation.o
 .progmem.data._ZZ12Publish_DatavE3__c_20
                0x0000324a        0x5 MySrc/Running_Operation.o
 .progmem.data._ZZ12Publish_DatavE3__c_19
                0x0000324f        0x6 MySrc/Running_Operation.o
 .progmem.data._ZZ12Publish_DatavE3__c_18
                0x00003255        0x9 MySrc/Running_Operation.o
 .progmem.data._ZZ12Publish_DatavE3__c_17
                0x0000325e        0xc MySrc/Running_Operation.o
 .progmem.data._ZZ12Publish_DatavE3__c_16
                0x0000326a        0xa MySrc/Running_Operation.o
 .progmem.data._ZZ12Publish_DatavE3__c_15
                0x00003274        0x4 MySrc/Running_Operation.o
 .progmem.data._ZZ12Publish_DatavE3__c_14
                0x00003278        0x4 MySrc/Running_Operation.o
 .progmem.data._ZZ12Publish_DatavE3__c_13
                0x0000327c        0x4 MySrc/Running_Operation.o
 .progmem.data._ZZ12Publish_DatavE3__c_12
                0x00003280        0x4 MySrc/Running_Operation.o
 .progmem.data._ZZ12Publish_DatavE3__c_11
                0x00003284        0xa MySrc/Running_Operation.o
 .progmem.data._ZZ12Publish_DatavE3__c_10
                0x0000328e       0x15 MySrc/Running_Operation.o
 .progmem.data._ZZ12Publish_DatavE3__c_9
                0x000032a3        0x6 MySrc/Running_Operation.o
 .progmem.data._ZZ12Publish_DatavE3__c_8
                0x000032a9        0x5 MySrc/Running_Operation.o
 .progmem.data._ZZ12Publish_DatavE3__c_7
                0x000032ae        0x5 MySrc/Running_Operation.o
 .progmem.data._ZZ12Publish_DatavE3__c_6
                0x000032b3        0x5 MySrc/Running_Operation.o
 .progmem.data._ZZ12Publish_DatavE3__c_5
                0x000032b8        0x5 MySrc/Running_Operation.o
 .progmem.data._ZZ12Publish_DatavE3__c_4
                0x000032bd        0x7 MySrc/Running_Operation.o
 .progmem.data._ZZ12Publish_DatavE3__c_3
                0x000032c4        0x8 MySrc/Running_Operation.o
 .progmem.data._ZZ12Publish_DatavE3__c_2
                0x000032cc       0x15 MySrc/Running_Operation.o
 .progmem.data._ZZ12Publish_DatavE3__c_1
                0x000032e1        0x5 MySrc/Running_Operation.o
 .progmem.data._ZZ12Publish_DatavE3__c_0
                0x000032e6        0x5 MySrc/Running_Operation.o
 .progmem.data._ZZ12Publish_DatavE3__c
                0x000032eb        0x6 MySrc/Running_Operation.o
 .progmem.data._ZZ12Pub_Sub_DataPcPhjhE3__c_123
                0x000032f1       0x41 MySrc/Running_Operation.o
 .progmem.data._ZZ12Pub_Sub_DataPcPhjhE3__c_122
                0x00003332        0x7 MySrc/Running_Operation.o
 .progmem.data._ZZ12Pub_Sub_DataPcPhjhE3__c_121
                0x00003339        0x4 MySrc/Running_Operation.o
 .progmem.data._ZZ12Pub_Sub_DataPcPhjhE3__c_120
                0x0000333d       0x17 MySrc/Running_Operation.o
 .progmem.data._ZZ12Pub_Sub_DataPcPhjhE3__c_119
                0x00003354       0x22 MySrc/Running_Operation.o
 .progmem.data._ZZ12Pub_Sub_DataPcPhjhE3__c_118
                0x00003376        0xc MySrc/Running_Operation.o
 .progmem.data._ZZ12Pub_Sub_DataPcPhjhE3__c_117
                0x00003382       0x11 MySrc/Running_Operation.o
 .progmem.data._ZZ12Pub_Sub_DataPcPhjhE3__c_116
                0x00003393       0x10 MySrc/Running_Operation.o
 .progmem.data._ZZ12Pub_Sub_DataPcPhjhE3__c_115
                0x000033a3       0x10 MySrc/Running_Operation.o
 .progmem.data._ZZ12Pub_Sub_DataPcPhjhE3__c_114
                0x000033b3        0xa MySrc/Running_Operation.o
 .progmem.data._ZZ12Pub_Sub_DataPcPhjhE3__c_113
                0x000033bd        0xc MySrc/Running_Operation.o
 .progmem.data._ZZ12Pub_Sub_DataPcPhjhE3__c_112
                0x000033c9        0xa MySrc/Running_Operation.o
 .progmem.data._ZZ12Pub_Sub_DataPcPhjhE3__c_111
                0x000033d3       0x12 MySrc/Running_Operation.o
 .progmem.data._ZZ12Pub_Sub_DataPcPhjhE3__c_110
                0x000033e5        0xb MySrc/Running_Operation.o
 .progmem.data._ZZ12Pub_Sub_DataPcPhjhE3__c_109
                0x000033f0        0x5 MySrc/Running_Operation.o
 .progmem.data._ZZ12Pub_Sub_DataPcPhjhE3__c_108
                0x000033f5        0x5 MySrc/Running_Operation.o
 .progmem.data._ZZ12Pub_Sub_DataPcPhjhE3__c_107
                0x000033fa        0x5 MySrc/Running_Operation.o
 .progmem.data._ZZ12Pub_Sub_DataPcPhjhE3__c_106
                0x000033ff        0x5 MySrc/Running_Operation.o
 .progmem.data._ZZ12Pub_Sub_DataPcPhjhE3__c_105
                0x00003404       0x1e MySrc/Running_Operation.o
 .progmem.data._ZZ12Pub_Sub_DataPcPhjhE3__c_104
                0x00003422        0xb MySrc/Running_Operation.o
 .progmem.data._ZZ12Pub_Sub_DataPcPhjhE3__c_103
                0x0000342d        0x7 MySrc/Running_Operation.o
 .progmem.data._ZZ12Pub_Sub_DataPcPhjhE3__c_102
                0x00003434       0x12 MySrc/Running_Operation.o
 .progmem.data._ZZ12Pub_Sub_DataPcPhjhE3__c_101
                0x00003446        0x5 MySrc/Running_Operation.o
 .progmem.data._ZZ12Pub_Sub_DataPcPhjhE3__c_100
                0x0000344b        0xa MySrc/Running_Operation.o
 .progmem.data._ZZ12Pub_Sub_DataPcPhjhE3__c_99
                0x00003455        0x6 MySrc/Running_Operation.o
 .progmem.data._ZZ12Pub_Sub_DataPcPhjhE3__c_98
                0x0000345b        0x6 MySrc/Running_Operation.o
 .progmem.data._ZZ12Pub_Sub_DataPcPhjhE3__c_97
                0x00003461        0x5 MySrc/Running_Operation.o
 .progmem.data._ZZ12Pub_Sub_DataPcPhjhE3__c_96
                0x00003466        0x4 MySrc/Running_Operation.o
 .progmem.data._ZZ12Pub_Sub_DataPcPhjhE3__c_95
                0x0000346a       0x22 MySrc/Running_Operation.o
 .progmem.data._ZZ12Pub_Sub_DataPcPhjhE3__c_94
                0x0000348c        0xe MySrc/Running_Operation.o
 .progmem.data._ZZ12Pub_Sub_DataPcPhjhE3__c_93
                0x0000349a        0xd MySrc/Running_Operation.o
 .progmem.data._ZZ12Pub_Sub_DataPcPhjhE3__c_92
                0x000034a7        0x4 MySrc/Running_Operation.o
 .progmem.data._ZZ12Pub_Sub_DataPcPhjhE3__c_91
                0x000034ab        0xd MySrc/Running_Operation.o
 .progmem.data._ZZ12Pub_Sub_DataPcPhjhE3__c_90
                0x000034b8        0xd MySrc/Running_Operation.o
 .progmem.data._ZZ12Pub_Sub_DataPcPhjhE3__c_89
                0x000034c5       0x1b MySrc/Running_Operation.o
 .progmem.data._ZZ12Pub_Sub_DataPcPhjhE3__c_88
                0x000034e0       0x14 MySrc/Running_Operation.o
 .progmem.data._ZZ12Pub_Sub_DataPcPhjhE3__c_87
                0x000034f4       0x19 MySrc/Running_Operation.o
 .progmem.data._ZZ12Pub_Sub_DataPcPhjhE3__c_86
                0x0000350d       0x18 MySrc/Running_Operation.o
 .progmem.data._ZZ12Pub_Sub_DataPcPhjhE3__c_85
                0x00003525        0x9 MySrc/Running_Operation.o
 .progmem.data._ZZ12Pub_Sub_DataPcPhjhE3__c_84
                0x0000352e       0x1b MySrc/Running_Operation.o
 .progmem.data._ZZ12Pub_Sub_DataPcPhjhE3__c_83
                0x00003549        0xa MySrc/Running_Operation.o
 .progmem.data._ZZ12Pub_Sub_DataPcPhjhE3__c_82
                0x00003553       0x1e MySrc/Running_Operation.o
 .progmem.data._ZZ12Pub_Sub_DataPcPhjhE3__c_81
                0x00003571        0x9 MySrc/Running_Operation.o
 .progmem.data._ZZ12Pub_Sub_DataPcPhjhE3__c_80
                0x0000357a       0x15 MySrc/Running_Operation.o
 .progmem.data._ZZ12Pub_Sub_DataPcPhjhE3__c_79
                0x0000358f        0xb MySrc/Running_Operation.o
 .progmem.data._ZZ12Pub_Sub_DataPcPhjhE3__c_78
                0x0000359a       0x1d MySrc/Running_Operation.o
 .progmem.data._ZZ12Pub_Sub_DataPcPhjhE3__c_77
                0x000035b7        0xb MySrc/Running_Operation.o
 .progmem.data._ZZ12Pub_Sub_DataPcPhjhE3__c_76
                0x000035c2        0xb MySrc/Running_Operation.o
 .progmem.data._ZZ12Pub_Sub_DataPcPhjhE3__c_75
                0x000035cd       0x1b MySrc/Running_Operation.o
 .progmem.data._ZZ12Pub_Sub_DataPcPhjhE3__c_74
                0x000035e8        0x4 MySrc/Running_Operation.o
 .progmem.data._ZZ12Pub_Sub_DataPcPhjhE3__c_73
                0x000035ec       0x16 MySrc/Running_Operation.o
 .progmem.data._ZZ12Pub_Sub_DataPcPhjhE3__c_72
                0x00003602        0x5 MySrc/Running_Operation.o
 .progmem.data._ZZ12Pub_Sub_DataPcPhjhE3__c_71
                0x00003607        0xc MySrc/Running_Operation.o
 .progmem.data._ZZ12Pub_Sub_DataPcPhjhE3__c_70
                0x00003613        0x7 MySrc/Running_Operation.o
 .progmem.data._ZZ12Pub_Sub_DataPcPhjhE3__c_69
                0x0000361a        0x7 MySrc/Running_Operation.o
 .progmem.data._ZZ12Pub_Sub_DataPcPhjhE3__c_68
                0x00003621        0x9 MySrc/Running_Operation.o
 .progmem.data._ZZ12Pub_Sub_DataPcPhjhE3__c_67
                0x0000362a        0x4 MySrc/Running_Operation.o
 .progmem.data._ZZ12Pub_Sub_DataPcPhjhE3__c_66
                0x0000362e        0x4 MySrc/Running_Operation.o
 .progmem.data._ZZ12Pub_Sub_DataPcPhjhE3__c_65
                0x00003632        0x4 MySrc/Running_Operation.o
 .progmem.data._ZZ12Pub_Sub_DataPcPhjhE3__c_64
                0x00003636        0x4 MySrc/Running_Operation.o
 .progmem.data._ZZ12Pub_Sub_DataPcPhjhE3__c_63
                0x0000363a        0xc MySrc/Running_Operation.o
 .progmem.data._ZZ12Pub_Sub_DataPcPhjhE3__c_62
                0x00003646       0x15 MySrc/Running_Operation.o
 .progmem.data._ZZ12Pub_Sub_DataPcPhjhE3__c_61
                0x0000365b       0x1c MySrc/Running_Operation.o
 .progmem.data._ZZ12Pub_Sub_DataPcPhjhE3__c_60
                0x00003677        0xb MySrc/Running_Operation.o
 .progmem.data._ZZ12Pub_Sub_DataPcPhjhE3__c_59
                0x00003682        0xc MySrc/Running_Operation.o
 .progmem.data._ZZ12Pub_Sub_DataPcPhjhE3__c_58
                0x0000368e        0xa MySrc/Running_Operation.o
 .progmem.data._ZZ12Pub_Sub_DataPcPhjhE3__c_57
                0x00003698        0xa MySrc/Running_Operation.o
 .progmem.data._ZZ12Pub_Sub_DataPcPhjhE3__c_56
                0x000036a2        0xa MySrc/Running_Operation.o
 .progmem.data._ZZ12Pub_Sub_DataPcPhjhE3__c_55
                0x000036ac        0xa MySrc/Running_Operation.o
 .progmem.data._ZZ12Pub_Sub_DataPcPhjhE3__c_54
                0x000036b6        0xa MySrc/Running_Operation.o
 .progmem.data._ZZ12Pub_Sub_DataPcPhjhE3__c_53
                0x000036c0        0xd MySrc/Running_Operation.o
 .progmem.data._ZZ12Pub_Sub_DataPcPhjhE3__c_52
                0x000036cd       0x1c MySrc/Running_Operation.o
 .progmem.data._ZZ12Pub_Sub_DataPcPhjhE3__c_51
                0x000036e9        0x7 MySrc/Running_Operation.o
 .progmem.data._ZZ12Pub_Sub_DataPcPhjhE3__c_50
                0x000036f0       0x1b MySrc/Running_Operation.o
 .progmem.data._ZZ12Pub_Sub_DataPcPhjhE3__c_49
                0x0000370b       0x1b MySrc/Running_Operation.o
 .progmem.data._ZZ12Pub_Sub_DataPcPhjhE3__c_48
                0x00003726       0x1b MySrc/Running_Operation.o
 .progmem.data._ZZ12Pub_Sub_DataPcPhjhE3__c_47
                0x00003741       0x1f MySrc/Running_Operation.o
 .progmem.data._ZZ12Pub_Sub_DataPcPhjhE3__c_46
                0x00003760       0x1f MySrc/Running_Operation.o
 .progmem.data._ZZ12Pub_Sub_DataPcPhjhE3__c_45
                0x0000377f       0x1f MySrc/Running_Operation.o
 .progmem.data._ZZ12Pub_Sub_DataPcPhjhE3__c_44
                0x0000379e       0x23 MySrc/Running_Operation.o
 .progmem.data._ZZ12Pub_Sub_DataPcPhjhE3__c_43
                0x000037c1       0x14 MySrc/Running_Operation.o
 .progmem.data._ZZ12Pub_Sub_DataPcPhjhE3__c_42
                0x000037d5       0x19 MySrc/Running_Operation.o
 .progmem.data._ZZ12Pub_Sub_DataPcPhjhE3__c_41
                0x000037ee       0x11 MySrc/Running_Operation.o
 .progmem.data._ZZ12Pub_Sub_DataPcPhjhE3__c_40
                0x000037ff       0x1b MySrc/Running_Operation.o
 .progmem.data._ZZ12Pub_Sub_DataPcPhjhE3__c_39
                0x0000381a       0x1b MySrc/Running_Operation.o
 .progmem.data._ZZ12Pub_Sub_DataPcPhjhE3__c_38
                0x00003835       0x1b MySrc/Running_Operation.o
 .progmem.data._ZZ12Pub_Sub_DataPcPhjhE3__c_37
                0x00003850       0x1b MySrc/Running_Operation.o
 .progmem.data._ZZ12Pub_Sub_DataPcPhjhE3__c_36
                0x0000386b       0x1b MySrc/Running_Operation.o
 .progmem.data._ZZ12Pub_Sub_DataPcPhjhE3__c_35
                0x00003886       0x1b MySrc/Running_Operation.o
 .progmem.data._ZZ12Pub_Sub_DataPcPhjhE3__c_34
                0x000038a1       0x1b MySrc/Running_Operation.o
 .progmem.data._ZZ12Pub_Sub_DataPcPhjhE3__c_33
                0x000038bc       0x1b MySrc/Running_Operation.o
 .progmem.data._ZZ12Pub_Sub_DataPcPhjhE3__c_32
                0x000038d7       0x1b MySrc/Running_Operation.o
 .progmem.data._ZZ12Pub_Sub_DataPcPhjhE3__c_31
                0x000038f2       0x1f MySrc/Running_Operation.o
 .progmem.data._ZZ12Pub_Sub_DataPcPhjhE3__c_30
                0x00003911       0x1f MySrc/Running_Operation.o
 .progmem.data._ZZ12Pub_Sub_DataPcPhjhE3__c_29
                0x00003930       0x1f MySrc/Running_Operation.o
 .progmem.data._ZZ12Pub_Sub_DataPcPhjhE3__c_28
                0x0000394f        0xb MySrc/Running_Operation.o
 .progmem.data._ZZ12Pub_Sub_DataPcPhjhE3__c_27
                0x0000395a        0xb MySrc/Running_Operation.o
 .progmem.data._ZZ12Pub_Sub_DataPcPhjhE3__c_26
                0x00003965       0x1b MySrc/Running_Operation.o
 .progmem.data._ZZ12Pub_Sub_DataPcPhjhE3__c_25
                0x00003980       0x14 MySrc/Running_Operation.o
 .progmem.data._ZZ12Pub_Sub_DataPcPhjhE3__c_24
                0x00003994       0x19 MySrc/Running_Operation.o
 .progmem.data._ZZ12Pub_Sub_DataPcPhjhE3__c_23
                0x000039ad       0x11 MySrc/Running_Operation.o
 .progmem.data._ZZ12Pub_Sub_DataPcPhjhE3__c_22
                0x000039be       0x1b MySrc/Running_Operation.o
 .progmem.data._ZZ12Pub_Sub_DataPcPhjhE3__c_21
                0x000039d9       0x1b MySrc/Running_Operation.o
 .progmem.data._ZZ12Pub_Sub_DataPcPhjhE3__c_20
                0x000039f4       0x1b MySrc/Running_Operation.o
 .progmem.data._ZZ12Pub_Sub_DataPcPhjhE3__c_19
                0x00003a0f       0x1b MySrc/Running_Operation.o
 .progmem.data._ZZ12Pub_Sub_DataPcPhjhE3__c_18
                0x00003a2a       0x1b MySrc/Running_Operation.o
 .progmem.data._ZZ12Pub_Sub_DataPcPhjhE3__c_17
                0x00003a45       0x1b MySrc/Running_Operation.o
 .progmem.data._ZZ12Pub_Sub_DataPcPhjhE3__c_16
                0x00003a60        0x7 MySrc/Running_Operation.o
 .progmem.data._ZZ12Pub_Sub_DataPcPhjhE3__c_15
                0x00003a67        0x7 MySrc/Running_Operation.o
 .progmem.data._ZZ12Pub_Sub_DataPcPhjhE3__c_14
                0x00003a6e        0x7 MySrc/Running_Operation.o
 .progmem.data._ZZ12Pub_Sub_DataPcPhjhE3__c_13
                0x00003a75        0x7 MySrc/Running_Operation.o
 .progmem.data._ZZ12Pub_Sub_DataPcPhjhE3__c_12
                0x00003a7c        0x7 MySrc/Running_Operation.o
 .progmem.data._ZZ12Pub_Sub_DataPcPhjhE3__c_11
                0x00003a83        0x4 MySrc/Running_Operation.o
 .progmem.data._ZZ12Pub_Sub_DataPcPhjhE3__c_10
                0x00003a87       0x22 MySrc/Running_Operation.o
 .progmem.data._ZZ12Pub_Sub_DataPcPhjhE3__c_6
                0x00003aa9       0x10 MySrc/Running_Operation.o
 .progmem.data._ZZ12Pub_Sub_DataPcPhjhE3__c_5
                0x00003ab9        0xf MySrc/Running_Operation.o
 .progmem.data._ZZ12Pub_Sub_DataPcPhjhE3__c_4
                0x00003ac8        0x2 MySrc/Running_Operation.o
 .progmem.data._ZZ12Pub_Sub_DataPcPhjhE3__c_3
                0x00003aca        0x4 MySrc/Running_Operation.o
 .progmem.data._ZZ12Pub_Sub_DataPcPhjhE3__c_2
                0x00003ace       0x16 MySrc/Running_Operation.o
 .progmem.data._ZZ12Pub_Sub_DataPcPhjhE3__c_1
                0x00003ae4       0x2c MySrc/Running_Operation.o
 .progmem.data._ZZ12Pub_Sub_DataPcPhjhE3__c_0
                0x00003b10       0x19 MySrc/Running_Operation.o
 .progmem.data._ZZ12Pub_Sub_DataPcPhjhE3__c
                0x00003b29       0x19 MySrc/Running_Operation.o
 .progmem.data._ZZ14Lora_OperationvE3__c
                0x00003b42       0x12 MySrc/Running_Operation.o
 .progmem.data._ZZ22Valve_Grouping_HandlerhE3__c_40
                0x00003b54       0x1f MySrc/Running_Operation.o
 .progmem.data._ZZ22Valve_Grouping_HandlerhE3__c_39
                0x00003b73       0x3b MySrc/Running_Operation.o
 .progmem.data._ZZ22Valve_Grouping_HandlerhE3__c_38
                0x00003bae       0x3b MySrc/Running_Operation.o
 .progmem.data._ZZ22Valve_Grouping_HandlerhE3__c_37
                0x00003be9       0x13 MySrc/Running_Operation.o
 .progmem.data._ZZ22Valve_Grouping_HandlerhE3__c_36
                0x00003bfc       0x2b MySrc/Running_Operation.o
 .progmem.data._ZZ22Valve_Grouping_HandlerhE3__c_35
                0x00003c27       0x1e MySrc/Running_Operation.o
 .progmem.data._ZZ22Valve_Grouping_HandlerhE3__c_34
                0x00003c45       0x16 MySrc/Running_Operation.o
 .progmem.data._ZZ22Valve_Grouping_HandlerhE3__c_33
                0x00003c5b       0x24 MySrc/Running_Operation.o
 .progmem.data._ZZ22Valve_Grouping_HandlerhE3__c_32
                0x00003c7f       0x16 MySrc/Running_Operation.o
 .progmem.data._ZZ22Valve_Grouping_HandlerhE3__c_31
                0x00003c95       0x14 MySrc/Running_Operation.o
 .progmem.data._ZZ22Valve_Grouping_HandlerhE3__c_30
                0x00003ca9       0x16 MySrc/Running_Operation.o
 .progmem.data._ZZ22Valve_Grouping_HandlerhE3__c_29
                0x00003cbf        0x2 MySrc/Running_Operation.o
 .progmem.data._ZZ22Valve_Grouping_HandlerhE3__c_28
                0x00003cc1        0xe MySrc/Running_Operation.o
 .progmem.data._ZZ22Valve_Grouping_HandlerhE3__c_27
                0x00003ccf       0x1f MySrc/Running_Operation.o
 .progmem.data._ZZ22Valve_Grouping_HandlerhE3__c_26
                0x00003cee       0x3b MySrc/Running_Operation.o
 .progmem.data._ZZ22Valve_Grouping_HandlerhE3__c_25
                0x00003d29       0x3b MySrc/Running_Operation.o
 .progmem.data._ZZ22Valve_Grouping_HandlerhE3__c_24
                0x00003d64       0x13 MySrc/Running_Operation.o
 .progmem.data._ZZ22Valve_Grouping_HandlerhE3__c_23
                0x00003d77       0x2b MySrc/Running_Operation.o
 .progmem.data._ZZ22Valve_Grouping_HandlerhE3__c_22
                0x00003da2       0x1e MySrc/Running_Operation.o
 .progmem.data._ZZ22Valve_Grouping_HandlerhE3__c_21
                0x00003dc0       0x16 MySrc/Running_Operation.o
 .progmem.data._ZZ22Valve_Grouping_HandlerhE3__c_20
                0x00003dd6       0x24 MySrc/Running_Operation.o
 .progmem.data._ZZ22Valve_Grouping_HandlerhE3__c_19
                0x00003dfa       0x16 MySrc/Running_Operation.o
 .progmem.data._ZZ22Valve_Grouping_HandlerhE3__c_18
                0x00003e10       0x14 MySrc/Running_Operation.o
 .progmem.data._ZZ22Valve_Grouping_HandlerhE3__c_17
                0x00003e24       0x16 MySrc/Running_Operation.o
 .progmem.data._ZZ22Valve_Grouping_HandlerhE3__c_16
                0x00003e3a        0x2 MySrc/Running_Operation.o
 .progmem.data._ZZ22Valve_Grouping_HandlerhE3__c_15
                0x00003e3c        0xe MySrc/Running_Operation.o
 .progmem.data._ZZ22Valve_Grouping_HandlerhE3__c_14
                0x00003e4a       0x2e MySrc/Running_Operation.o
 .progmem.data._ZZ22Valve_Grouping_HandlerhE3__c_13
                0x00003e78       0x22 MySrc/Running_Operation.o
 .progmem.data._ZZ22Valve_Grouping_HandlerhE3__c_12
                0x00003e9a       0x26 MySrc/Running_Operation.o
 .progmem.data._ZZ22Valve_Grouping_HandlerhE3__c_11
                0x00003ec0       0x15 MySrc/Running_Operation.o
 .progmem.data._ZZ22Valve_Grouping_HandlerhE3__c_10
                0x00003ed5       0x24 MySrc/Running_Operation.o
 .progmem.data._ZZ22Valve_Grouping_HandlerhE3__c_9
                0x00003ef9       0x2b MySrc/Running_Operation.o
 .progmem.data._ZZ22Valve_Grouping_HandlerhE3__c_8
                0x00003f24       0x27 MySrc/Running_Operation.o
 .progmem.data._ZZ22Valve_Grouping_HandlerhE3__c_7
                0x00003f4b       0x21 MySrc/Running_Operation.o
 .progmem.data._ZZ22Valve_Grouping_HandlerhE3__c_6
                0x00003f6c       0x25 MySrc/Running_Operation.o
 .progmem.data._ZZ22Valve_Grouping_HandlerhE3__c_5
                0x00003f91       0x15 MySrc/Running_Operation.o
 .progmem.data._ZZ22Valve_Grouping_HandlerhE3__c_4
                0x00003fa6       0x23 MySrc/Running_Operation.o
 .progmem.data._ZZ22Valve_Grouping_HandlerhE3__c_3
                0x00003fc9       0x2b MySrc/Running_Operation.o
 .progmem.data._ZZ22Valve_Grouping_HandlerhE3__c_2
                0x00003ff4       0x12 MySrc/Running_Operation.o
 .progmem.data._ZZ22Valve_Grouping_HandlerhE3__c_1
                0x00004006       0x11 MySrc/Running_Operation.o
 .progmem.data._ZZ22Valve_Grouping_HandlerhE3__c_0
                0x00004017       0x12 MySrc/Running_Operation.o
 .progmem.data._ZZ22Valve_Grouping_HandlerhE3__c
                0x00004029       0x11 MySrc/Running_Operation.o
 .progmem.data._ZZ15Stop_IrrigationvE3__c_3
                0x0000403a       0x18 MySrc/Running_Operation.o
 .progmem.data._ZZ15Stop_IrrigationvE3__c_2
                0x00004052       0x11 MySrc/Running_Operation.o
 .progmem.data._ZZ15Stop_IrrigationvE3__c_1
                0x00004063       0x11 MySrc/Running_Operation.o
 .progmem.data._ZZ15Stop_IrrigationvE3__c_0
                0x00004074       0x2a MySrc/Running_Operation.o
 .progmem.data._ZZ15Stop_IrrigationvE3__c
                0x0000409e       0x17 MySrc/Running_Operation.o
 .progmem.data._ZZ16Start_IrrigationvE3__c_5
                0x000040b5       0x16 MySrc/Running_Operation.o
 .progmem.data._ZZ16Start_IrrigationvE3__c_4
                0x000040cb       0x11 MySrc/Running_Operation.o
 .progmem.data._ZZ16Start_IrrigationvE3__c_3
                0x000040dc       0x16 MySrc/Running_Operation.o
 .progmem.data._ZZ16Start_IrrigationvE3__c_2
                0x000040f2       0x1d MySrc/Running_Operation.o
 .progmem.data._ZZ16Start_IrrigationvE3__c_1
                0x0000410f       0x15 MySrc/Running_Operation.o